Microchip MPLAB XC8 Compiler V2.32

Linker command line:

-W-3 --edf=/opt/microchip/xc8/v2.32/pic/dat/en_msgs.txt -cn \
  -h+dist/default/debug/Pick-and-place_Microchip.debug.sym \
  --cmf=dist/default/debug/Pick-and-place_Microchip.debug.cmf -z -Q18F452 \
  -o/tmp/xcXFmGmHf --defsym=__MPLAB_BUILD=1 \
  -Mdist/default/debug/Pick-and-place_Microchip.debug.map -E1 \
  -ver=XC8 Compiler --acfsm=1493 -ASTACK=080h-05FFh -pstack=STACK \
  -ACODE=00h-03FFFhx2 -ACONST=00h-07FFFh -ASMALLCONST=0600h-06FFhx122 \
  -AMEDIUMCONST=0600h-07FFFh -ACOMRAM=01h-07Fh -AABS1=00h-05FFh \
  -ABIGRAM=01h-05FFh -ARAM=080h-0FFh,0100h-01FFhx5 -ABANK0=080h-0FFh \
  -ABANK1=0100h-01FFh -ABANK2=0200h-02FFh -ABANK3=0300h-03FFh \
  -ABANK4=0400h-04FFh -ABANK5=0500h-05FFh -ASFR=0F80h-0FFFh \
  -ACONFIG=0300000h-030000Dh -AIDLOC=0200000h-0200007h \
  -AEEDATA=0F00000h-0F000FFh -peeprom_data=EEDATA \
  -preset_vec=00h,intcode=08h,intcodelo,powerup,init -pramtop=0600h \
  -psmallconst=SMALLCONST -pmediumconst=MEDIUMCONST -pconst=CONST \
  -AFARRAM=00h-00h \
  -prdata=COMRAM,nvrram=COMRAM,nvbit=COMRAM,rbss=COMRAM,rbit=COMRAM \
  -pfarbss=FARRAM,fardata=FARRAM,nvFARRAM=FARRAM \
  -pintsave_regs=BIGRAM,bigbss=BIGRAM,bigdata=BIGRAM -pbss=RAM \
  -pidata=CODE,irdata=CODE,ibigdata=CODE,ifardata=CODE -prparam=COMRAM \
  /tmp/xcXgnighm.o dist/default/debug/Pick-and-place_Microchip.debug.o 

Object code version is 3.11

Machine type is 18F452



                Name                               Link     Load   Length Selector   Space Scale
/tmp/xcXgnighm.o
                idloc                            200000   200000        8        0       5
                config                           300000   300000        E        0       4
                text                               1F20     1F20        2      30B       0
                init                                 3E       3E        4        4       0
                reset_vec                             0        0        6        0       0
dist/default/debug/Pick-and-place_Microchip.debug.o
                intcode                               8        8       36        4       0
                idloc                            200000   200000        8        0       5
                config                           300000   300000        E        0       4
                temp                                 7A       7A        1        1       1
                smallconst                          600      600       16      300       0
                text19                             1ED2     1ED2       22      30B       0
                text18                             1448     1448      136      30B       0
                text17                             16A6     16A6      128      30B       0
                text16                              BBE      BBE      4A4      30B       0
                text15                             1DEA     1DEA       42      30B       0
                text14                              616      616      5A8      30B       0
                text13                             1DA0     1DA0       4A      30B       0
                text12                             1062     1062      3E6      30B       0
                text11                             1E2C     1E2C       40      30B       0
                text10                             1F14     1F14        C      30B       0
                text9                              1D44     1D44       5C      30B       0
                text8                              1A94     1A94       D4      30B       0
                text7                              1CD6     1CD6       6E      30B       0
                text6                              1C22     1C22       B4      30B       0
                text5                              19C0     19C0       D4      30B       0
                text4                              18EC     18EC       D4      30B       0
                text3                              1B68     1B68       BA      30B       0
                text2                              17CE     17CE      11E      30B       0
                text1                              1EF4     1EF4       20      30B       0
                text0                              157E     157E      128      30B       0
                cstackCOMRAM                          1        1       43        1       1
                dataCOMRAM                           44       44       28        1       1
                bssCOMRAM                            6C       6C        E        1       1
                cinit                              1E6C     1E6C       3E      30B       0
                idataCOMRAM                        1EAA     1EAA       28      30B       0

TOTAL           Name                               Link     Load   Length     Space
        CLASS   STACK          

        CLASS   CODE           
                intcode                               8        8       36         0
                text                               1F20     1F20        2         0
                init                                 3E       3E        4         0
                reset_vec                             0        0        6         0
                text19                             1ED2     1ED2       22         0
                text18                             1448     1448      136         0
                text17                             16A6     16A6      128         0
                text16                              BBE      BBE      4A4         0
                text15                             1DEA     1DEA       42         0
                text14                              616      616      5A8         0
                text13                             1DA0     1DA0       4A         0
                text12                             1062     1062      3E6         0
                text11                             1E2C     1E2C       40         0
                text10                             1F14     1F14        C         0
                text9                              1D44     1D44       5C         0
                text8                              1A94     1A94       D4         0
                text7                              1CD6     1CD6       6E         0
                text6                              1C22     1C22       B4         0
                text5                              19C0     19C0       D4         0
                text4                              18EC     18EC       D4         0
                text3                              1B68     1B68       BA         0
                text2                              17CE     17CE      11E         0
                text1                              1EF4     1EF4       20         0
                text0                              157E     157E      128         0
                cinit                              1E6C     1E6C       3E         0
                idataCOMRAM                        1EAA     1EAA       28         0

        CLASS   CONST          

        CLASS   SMALLCONST     
                smallconst                          600      600       16         0

        CLASS   MEDIUMCONST    

        CLASS   COMRAM         
                temp                                 7A       7A        1         1
                cstackCOMRAM                          1        1       43         1
                dataCOMRAM                           44       44       28         1
                bssCOMRAM                            6C       6C        E         1

        CLASS   ABS1           

        CLASS   BIGRAM         

        CLASS   RAM            

        CLASS   BANK0          

        CLASS   BANK1          

        CLASS   BANK2          

        CLASS   BANK3          

        CLASS   BANK4          

        CLASS   BANK5          

        CLASS   SFR            

        CLASS   CONFIG         
                config                           300000   300000        E         4

        CLASS   IDLOC          
                idloc                            200000   200000        8         5

        CLASS   EEDATA         

        CLASS   FARRAM         



SEGMENTS        Name                           Load    Length   Top    Selector   Space  Class

                reset_vec                      000000  000006  000006         0       0  CODE    
                text14                         000616  00190C  001F22       30B       0  CODE    
                cstackCOMRAM                   000001  00007A  00007B         1       1  COMRAM  
                intcode                        000008  00003A  000042         4       0  CODE    
                smallconst                     000600  000016  000616       300       0  SMALLCON


UNUSED ADDRESS RANGES

        Name                Unused          Largest block    Delta
        BANK0            000080-0000FF               80
        BANK1            000100-0001FF              100
        BANK2            000200-0002FF              100
        BANK3            000300-0003FF              100
        BANK4            000400-0004FF              100
        BANK5            000500-0005FF              100
        BIGRAM           00007B-0005FF              585
        CODE             000006-000007                2
                         000042-0005FF              5BE
                         001F22-007FFF             20DE
        COMRAM           00007B-00007F                5
        CONST            000006-000007                2
                         000042-0005FF              5BE
                         001F22-007FFF             60DE
        EEDATA           F00000-F000FF              100
        MEDIUMCONST      001F22-007FFF             60DE
        RAM              000080-0005FF              100
        SFR              000F80-000FFF               80
        SMALLCONST       001F22-007FFF              100
        STACK            000080-0005FF              580

                                  Symbol Table

?___fladd                                                          cstackCOMRAM 000001
?___flmul                                                          cstackCOMRAM 000001
?___flneg                                                          cstackCOMRAM 000001
?___flsub                                                          cstackCOMRAM 000011
?___fltol                                                          cstackCOMRAM 000034
?_roundf                                                           cstackCOMRAM 00001A
Twister@direction                                                  cstackCOMRAM 000007
X_axis@direction                                                   cstackCOMRAM 000007
Y_axis@direction                                                   cstackCOMRAM 000007
Z_axis@direction                                                   cstackCOMRAM 000007
Z_axis_and_Tweezer@i                                               cstackCOMRAM 000008
Z_axis_and_Tweezer@i_504                                           cstackCOMRAM 00000A
_INTCONbits                                                        (abs)        000FF2
_LATC                                                              (abs)        000F8B
_New_char_RX                                                       bssCOMRAM    000079
_PIE1bits                                                          (abs)        000F9D
_PIR1bits                                                          (abs)        000F9E
_PORTB                                                             (abs)        000F81
_PORTC                                                             (abs)        000F82
_PORTD                                                             (abs)        000F83
_RCREG                                                             (abs)        000FAE
_RCSTAbits                                                         (abs)        000FAB
_Rx_char_USART                                                     intcode      000008
_SPBRG                                                             (abs)        000FAF
_TRISB                                                             (abs)        000F93
_TRISCbits                                                         (abs)        000F94
_TRISD                                                             (abs)        000F95
_TXREG                                                             (abs)        000FAD
_TXSTAbits                                                         (abs)        000FAC
_Twister                                                           text6        001C22
_X_axis                                                            text5        0019C0
_X_direction                                                       bssCOMRAM    000078
_Y_axis                                                            text4        0018EC
_Y_direction                                                       bssCOMRAM    000077
_Z_axis                                                            text8        001A94
_Z_axis_and_Tweezer                                                text7        001CD6
__HRAM                                                             (abs)        000000
__Habs1                                                            abs1         000000
__Hbank0                                                           bank0        000000
__Hbank1                                                           bank1        000000
__Hbank2                                                           bank2        000000
__Hbank3                                                           bank3        000000
__Hbank4                                                           bank4        000000
__Hbank5                                                           bank5        000000
__Hbigbss                                                          bigbss       000000
__Hbigdata                                                         bigdata      000000
__Hbigram                                                          bigram       000000
__Hbss                                                             bss          000000
__HbssCOMRAM                                                       bssCOMRAM    000000
__Hcinit                                                           cinit        000000
__Hclrtext                                                         clrtext      000000
__Hcomram                                                          comram       000000
__Hconfig                                                          config       30000E
__Hconst                                                           const        000000
__HcstackCOMRAM                                                    cstackCOMRAM 000000
__Hdata                                                            data         000000
__HdataCOMRAM                                                      dataCOMRAM   000000
__Heeprom_data                                                     eeprom_data  000000
__Hfarbss                                                          farbss       000000
__Hfardata                                                         fardata      000000
__Hibigdata                                                        ibigdata     000000
__Hidata                                                           idata        000000
__HidataCOMRAM                                                     idataCOMRAM  000000
__Hidloc                                                           idloc        200008
__Hifardata                                                        ifardata     000000
__Hinit                                                            init         000042
__Hintcode                                                         intcode      00003E
__Hintcode_body                                                    intcode_body 000000
__Hintcodelo                                                       intcodelo    00003E
__Hintentry                                                        intentry     000000
__Hintret                                                          intret       000000
__Hintsave_regs                                                    intsave_regs 000000
__Hirdata                                                          irdata       000000
__Hmediumconst                                                     mediumconst  000000
__HnvFARRAM                                                        nvFARRAM     000000
__Hnvbit                                                           nvbit        000000
__Hnvrram                                                          nvrram       000000
__Hparam                                                           rparam       000000
__Hpowerup                                                         powerup      00003E
__Hram                                                             ram          000000
__Hramtop                                                          ramtop       000600
__Hrbit                                                            rbit         000000
__Hrbss                                                            rbss         000000
__Hrdata                                                           rdata        000000
__Hreset_vec                                                       reset_vec    000006
__Hrparam                                                          rparam       000000
__Hsfr                                                             sfr          000000
__Hsmallconst                                                      smallconst   000616
__Hspace_0                                                         (abs)        001F22
__Hspace_1                                                         (abs)        00007B
__Hspace_2                                                         (abs)        000000
__Hspace_4                                                         (abs)        60000E
__Hstack                                                           stack        000000
__Hstruct                                                          struct       000000
__Htemp                                                            temp         00007B
__Htext                                                            text         000000
__Htext0                                                           text0        000000
__Htext1                                                           text1        000000
__Htext10                                                          text10       000000
__Htext11                                                          text11       000000
__Htext12                                                          text12       000000
__Htext13                                                          text13       000000
__Htext14                                                          text14       000000
__Htext15                                                          text15       000000
__Htext16                                                          text16       000000
__Htext17                                                          text17       000000
__Htext18                                                          text18       000000
__Htext19                                                          text19       000000
__Htext2                                                           text2        000000
__Htext3                                                           text3        000000
__Htext4                                                           text4        000000
__Htext5                                                           text5        000000
__Htext6                                                           text6        000000
__Htext7                                                           text7        000000
__Htext8                                                           text8        000000
__Htext9                                                           text9        000000
__LRAM                                                             (abs)        000001
__Labs1                                                            abs1         000000
__Lbank0                                                           bank0        000000
__Lbank1                                                           bank1        000000
__Lbank2                                                           bank2        000000
__Lbank3                                                           bank3        000000
__Lbank4                                                           bank4        000000
__Lbank5                                                           bank5        000000
__Lbigbss                                                          bigbss       000000
__Lbigdata                                                         bigdata      000000
__Lbigram                                                          bigram       000000
__Lbss                                                             bss          000000
__LbssCOMRAM                                                       bssCOMRAM    000000
__Lcinit                                                           cinit        000000
__Lclrtext                                                         clrtext      000000
__Lcomram                                                          comram       000000
__Lconfig                                                          config       000000
__Lconst                                                           const        000000
__LcstackCOMRAM                                                    cstackCOMRAM 000000
__Ldata                                                            data         000000
__LdataCOMRAM                                                      dataCOMRAM   000000
__Leeprom_data                                                     eeprom_data  000000
__Lfarbss                                                          farbss       000000
__Lfardata                                                         fardata      000000
__Libigdata                                                        ibigdata     000000
__Lidata                                                           idata        000000
__LidataCOMRAM                                                     idataCOMRAM  000000
__Lidloc                                                           idloc        000000
__Lifardata                                                        ifardata     000000
__Linit                                                            init         00003E
__Lintcode                                                         intcode      000008
__Lintcode_body                                                    intcode_body 000000
__Lintcodelo                                                       intcodelo    00003E
__Lintentry                                                        intentry     000000
__Lintret                                                          intret       000000
__Lintsave_regs                                                    intsave_regs 000000
__Lirdata                                                          irdata       000000
__Lmediumconst                                                     mediumconst  000000
__LnvFARRAM                                                        nvFARRAM     000000
__Lnvbit                                                           nvbit        000000
__Lnvrram                                                          nvrram       000000
__Lparam                                                           rparam       000000
__Lpowerup                                                         powerup      00003E
__Lram                                                             ram          000000
__Lramtop                                                          ramtop       000600
__Lrbit                                                            rbit         000000
__Lrbss                                                            rbss         000000
__Lrdata                                                           rdata        000000
__Lreset_vec                                                       reset_vec    000000
__Lrparam                                                          rparam       000000
__Lsfr                                                             sfr          000000
__Lsmallconst                                                      smallconst   000600
__Lspace_0                                                         (abs)        000000
__Lspace_1                                                         (abs)        000000
__Lspace_2                                                         (abs)        000000
__Lspace_4                                                         (abs)        000000
__Lstack                                                           stack        000000
__Lstruct                                                          struct       000000
__Ltemp                                                            temp         00007A
__Ltext                                                            text         000000
__Ltext0                                                           text0        000000
__Ltext1                                                           text1        000000
__Ltext10                                                          text10       000000
__Ltext11                                                          text11       000000
__Ltext12                                                          text12       000000
__Ltext13                                                          text13       000000
__Ltext14                                                          text14       000000
__Ltext15                                                          text15       000000
__Ltext16                                                          text16       000000
__Ltext17                                                          text17       000000
__Ltext18                                                          text18       000000
__Ltext19                                                          text19       000000
__Ltext2                                                           text2        000000
__Ltext3                                                           text3        000000
__Ltext4                                                           text4        000000
__Ltext5                                                           text5        000000
__Ltext6                                                           text6        000000
__Ltext7                                                           text7        000000
__Ltext8                                                           text8        000000
__Ltext9                                                           text9        000000
__S0                                                               (abs)        001F22
__S1                                                               (abs)        00007B
__S2                                                               (abs)        000000
__S4                                                               (abs)        000000
__S5                                                               (abs)        000000
___fladd                                                           text14       000616
___fladd@a                                                         cstackCOMRAM 000005
___fladd@aexp                                                      cstackCOMRAM 00000E
___fladd@b                                                         cstackCOMRAM 000001
___fladd@bexp                                                      cstackCOMRAM 00000F
___fladd@grs                                                       cstackCOMRAM 000010
___fladd@signs                                                     cstackCOMRAM 00000D
___flge                                                            text17       0016A6
___flge@ff1                                                        cstackCOMRAM 000001
___flge@ff2                                                        cstackCOMRAM 000005
___flmul                                                           text16       000BBE
___flmul@a                                                         cstackCOMRAM 000005
___flmul@aexp                                                      cstackCOMRAM 000012
___flmul@b                                                         cstackCOMRAM 000001
___flmul@bexp                                                      cstackCOMRAM 000013
___flmul@grs                                                       cstackCOMRAM 00000E
___flmul@prod                                                      cstackCOMRAM 000014
___flmul@sign                                                      cstackCOMRAM 00000D
___flmul@temp                                                      cstackCOMRAM 000018
___flneg                                                           text15       001DEA
___flneg@f1                                                        cstackCOMRAM 000001
___flsub                                                           text13       001DA0
___flsub@a                                                         cstackCOMRAM 000015
___flsub@b                                                         cstackCOMRAM 000011
___fltol                                                           text18       001448
___fltol@exp1                                                      cstackCOMRAM 00003D
___fltol@f1                                                        cstackCOMRAM 000034
___fltol@sign1                                                     cstackCOMRAM 00003C
___inthi_sp                                                        stack        000000
___intlo_sp                                                        stack        000000
___param_bank                                                      (abs)        000000
___rparam_used                                                     (abs)        000001
___sp                                                              stack        000000
__accesstop                                                        (abs)        000080
__activetblptr                                                     (abs)        000001
__cntErrataNOP_/tmp/xcXgnighm.o                                    (abs)        000001
__cntErrataNOP_dist/default/debug/Pick-and-place_Microchip.debug.o (abs)        000145
__end_of_Fosc                                                      smallconst   000615
__end_of_Fosc@main$F455                                            smallconst   000611
__end_of_Rx_char_USART                                             intcode      00003E
__end_of_Twister                                                   text6        001CD6
__end_of_X_axis                                                    text5        001A94
__end_of_Y_axis                                                    text4        0019C0
__end_of_Z_axis                                                    text8        001B68
__end_of_Z_axis_and_Tweezer                                        text7        001D44
__end_of___fladd                                                   text14       000BBE
__end_of___flge                                                    text17       0017CE
__end_of___flmul                                                   text16       001062
__end_of___flneg                                                   text15       001E2C
__end_of___flsub                                                   text13       001DEA
__end_of___fltol                                                   text18       00157E
__end_of__initialization                                           cinit        001E98
__end_of_desired_BaudRate                                          smallconst   00060D
__end_of_desired_BaudRate@main$F457                                smallconst   000609
__end_of_init_PORTS                                                text19       001EF4
__end_of_init_USART                                                text11       001E6C
__end_of_init_interrupts                                           text10       001F20
__end_of_main                                                      text0        0016A6
__end_of_ms_delay                                                  text9        001DA0
__end_of_pickandplace                                              text3        001C22
__end_of_pickandplace_sequence                                     text2        0018EC
__end_of_roundf                                                    text12       001448
__end_of_serial_tx_char                                            text1        001F14
__end_of_toint                                                     smallconst   000605
__initialization                                                   cinit        001E6C
__mediumconst                                                      mediumconst  000000
__pbssCOMRAM                                                       bssCOMRAM    00006C
__pcinit                                                           cinit        001E6C
__pcstackCOMRAM                                                    cstackCOMRAM 000001
__pdataCOMRAM                                                      dataCOMRAM   000044
__pidataCOMRAM                                                     idataCOMRAM  001EAA
__pintcode                                                         intcode      000008
__psmallconst                                                      smallconst   000600
__ptext0                                                           text0        00157E
__ptext1                                                           text1        001EF4
__ptext10                                                          text10       001F14
__ptext11                                                          text11       001E2C
__ptext12                                                          text12       001062
__ptext13                                                          text13       001DA0
__ptext14                                                          text14       000616
__ptext15                                                          text15       001DEA
__ptext16                                                          text16       000BBE
__ptext17                                                          text17       0016A6
__ptext18                                                          text18       001448
__ptext19                                                          text19       001ED2
__ptext2                                                           text2        0017CE
__ptext3                                                           text3        001B68
__ptext4                                                           text4        0018EC
__ptext5                                                           text5        0019C0
__ptext6                                                           text6        001C22
__ptext7                                                           text7        001CD6
__ptext8                                                           text8        001A94
__ptext9                                                           text9        001D44
__ramtop                                                           ramtop       000600
__size_of_Rx_char_USART                                            (abs)        000000
__size_of_Twister                                                  (abs)        000000
__size_of_X_axis                                                   (abs)        000000
__size_of_Y_axis                                                   (abs)        000000
__size_of_Z_axis                                                   (abs)        000000
__size_of_Z_axis_and_Tweezer                                       (abs)        000000
__size_of___fladd                                                  (abs)        000000
__size_of___flge                                                   (abs)        000000
__size_of___flmul                                                  (abs)        000000
__size_of___flneg                                                  (abs)        000000
__size_of___flsub                                                  (abs)        000000
__size_of___fltol                                                  (abs)        000000
__size_of_init_PORTS                                               (abs)        000000
__size_of_init_USART                                               (abs)        000000
__size_of_init_interrupts                                          (abs)        000000
__size_of_main                                                     (abs)        000000
__size_of_ms_delay                                                 (abs)        000000
__size_of_pickandplace                                             (abs)        000000
__size_of_pickandplace_sequence                                    (abs)        000000
__size_of_roundf                                                   (abs)        000000
__size_of_serial_tx_char                                           (abs)        000000
__smallconst                                                       smallconst   000600
_displacement_X                                                    bssCOMRAM    000074
_displacement_Y                                                    bssCOMRAM    000072
_init_PORTS                                                        text19       001ED2
_init_USART                                                        text11       001E2C
_init_interrupts                                                   text10       001F14
_lenth_of_array                                                    dataCOMRAM   00006A
_main                                                              text0        00157E
_ms_delay                                                          text9        001D44
_pickandplace                                                      text3        001B68
_pickandplace_sequence                                             text2        0017CE
_rotation                                                          bssCOMRAM    000070
_rotation_direction                                                bssCOMRAM    000076
_roundf                                                            text12       001062
_roundf$1149                                                       cstackCOMRAM 000028
_roundf$1150                                                       cstackCOMRAM 000022
_serial_tx_char                                                    text1        001EF4
_testarray                                                         dataCOMRAM   000044
btemp                                                              temp         00007A
end_of_initialization                                              cinit        001E98
int$flags                                                          temp         00007A
intlevel0                                                          text         001F20
intlevel1                                                          text         001F20
intlevel2                                                          text         001F20
intlevel3                                                          text         001F20
isa$std                                                            (abs)        000001
isa$xinst                                                          (abs)        000000
main@RX_Char                                                       cstackCOMRAM 00003E
main@i                                                             cstackCOMRAM 000040
main@i_480                                                         cstackCOMRAM 000042
main@test_C                                                        cstackCOMRAM 00003F
ms_delay@i                                                         cstackCOMRAM 000003
ms_delay@j                                                         cstackCOMRAM 000005
ms_delay@val                                                       cstackCOMRAM 000001
pickandplace@i                                                     cstackCOMRAM 000009
pickandplace@i_497                                                 cstackCOMRAM 00000B
pickandplace@i_499                                                 cstackCOMRAM 00000D
roundf@F528                                                        bssCOMRAM    00006C
roundf@e                                                           cstackCOMRAM 000026
roundf@u                                                           cstackCOMRAM 00002C
roundf@x                                                           cstackCOMRAM 00001A
roundf@y                                                           cstackCOMRAM 000030
serial_tx_char@val                                                 cstackCOMRAM 000001
stackhi                                                            (abs)        0005FF
stacklo                                                            (abs)        000080
start                                                              init         00003E
start_initialization                                               cinit        001E6C
ttemp5                                                             temp         00007B
ttemp6                                                             temp         00007E
ttemp7                                                             temp         000082
wtemp8                                                             temp         00007B


MODULE INFORMATION

Module		Function		Class		Link	Load	Size
/opt/microchip/xc8/v2.32/pic/sources/c99/common/roundf.c
		_roundf        		CODE           	1062	0000	998

/opt/microchip/xc8/v2.32/pic/sources/c99/common/roundf.c estimated size: 998

/opt/microchip/xc8/v2.32/pic/sources/c99/common/sprcadd.c
		___flsub       		CODE           	1DA0	0000	74
		___fladd       		CODE           	0616	0000	1448

/opt/microchip/xc8/v2.32/pic/sources/c99/common/sprcadd.c estimated size: 1522

/opt/microchip/xc8/v2.32/pic/sources/c99/common/flneg.c
		___flneg       		CODE           	1DEA	0000	66

/opt/microchip/xc8/v2.32/pic/sources/c99/common/flneg.c estimated size: 66

shared
		_Fosc@main$F455		SMALLCONST     	0000	0000	0
		_desired_BaudRate@main$F457		SMALLCONST     	0000	0000	0
		__initialization		CODE           	1E6C	0000	44
		_desired_BaudRate		SMALLCONST     	0000	0000	0
		_toint         		SMALLCONST     	0000	0000	0
		_Fosc          		SMALLCONST     	0000	0000	0

shared estimated size: 44

serial_rs232.c
		_init_USART    		CODE           	1E2C	0000	64
		_serial_tx_char		CODE           	1EF4	0000	32

serial_rs232.c estimated size: 96

init_PIC.c
		_init_PORTS    		CODE           	1ED2	0000	34
		_init_interrupts		CODE           	1F14	0000	12

init_PIC.c estimated size: 46

/opt/microchip/xc8/v2.32/pic/sources/c99/common/sprcmul.c
		___flmul       		CODE           	0BBE	0000	1188

/opt/microchip/xc8/v2.32/pic/sources/c99/common/sprcmul.c estimated size: 1188

main.c
		_Twister       		CODE           	1C22	0000	180
		_X_axis        		CODE           	19C0	0000	212
		_Y_axis        		CODE           	18EC	0000	212
		_Z_axis        		CODE           	1A94	0000	212
		_Z_axis_and_Tweezer		CODE           	1CD6	0000	110
		_main          		CODE           	157E	0000	296
		_pickandplace  		CODE           	1B68	0000	186
		_pickandplace_sequence		CODE           	17CE	0000	286
		_ms_delay      		CODE           	1D44	0000	92
		_Rx_char_USART 		CODE           	0008	0000	54

main.c estimated size: 1840

/opt/microchip/xc8/v2.32/pic/sources/c99/common/flge.c
		___flge        		CODE           	16A6	0000	296

/opt/microchip/xc8/v2.32/pic/sources/c99/common/flge.c estimated size: 296

/opt/microchip/xc8/v2.32/pic/sources/c99/common/fltol.c
		___fltol       		CODE           	1448	0000	310

/opt/microchip/xc8/v2.32/pic/sources/c99/common/fltol.c estimated size: 310

