Microchip MPLAB XC8 Compiler V2.32

Linker command line:

-W-3 --edf=/opt/microchip/xc8/v2.32/pic/dat/en_msgs.txt -cn \
  -h+dist/default/debug/Pick-and-place_Microchip.debug.sym \
  --cmf=dist/default/debug/Pick-and-place_Microchip.debug.cmf -z -Q18F452 \
  -o/tmp/xcXkiCfOA --defsym=__MPLAB_BUILD=1 \
  -Mdist/default/debug/Pick-and-place_Microchip.debug.map -E1 \
  -ver=XC8 Compiler --acfsm=1493 -ASTACK=0FEh-05FFh -pstack=STACK \
  -ACODE=00h-03FFFhx2 -ACONST=00h-07FFFh -ASMALLCONST=0600h-06FFhx122 \
  -AMEDIUMCONST=0600h-07FFFh -ACOMRAM=01h-07Fh -AABS1=00h-05FFh \
  -ABIGRAM=01h-05FFh -ARAM=080h-0FFh,0100h-01FFhx5 -ABANK0=080h-0FFh \
  -ABANK1=0100h-01FFh -ABANK2=0200h-02FFh -ABANK3=0300h-03FFh \
  -ABANK4=0400h-04FFh -ABANK5=0500h-05FFh -ASFR=0F80h-0FFFh \
  -ACONFIG=0300000h-030000Dh -AIDLOC=0200000h-0200007h \
  -AEEDATA=0F00000h-0F000FFh -peeprom_data=EEDATA \
  -preset_vec=00h,intcode=08h,intcodelo,powerup,init -pramtop=0600h \
  -psmallconst=SMALLCONST -pmediumconst=MEDIUMCONST -pconst=CONST \
  -AFARRAM=00h-00h \
  -prdata=COMRAM,nvrram=COMRAM,nvbit=COMRAM,rbss=COMRAM,rbit=COMRAM \
  -pfarbss=FARRAM,fardata=FARRAM,nvFARRAM=FARRAM \
  -pintsave_regs=BIGRAM,bigbss=BIGRAM,bigdata=BIGRAM -pbss=RAM \
  -pidata=CODE,irdata=CODE,ibigdata=CODE,ifardata=CODE -prparam=COMRAM \
  /tmp/xcXdBknIH.o dist/default/debug/Pick-and-place_Microchip.debug.o 

Object code version is 3.11

Machine type is 18F452



                Name                               Link     Load   Length Selector   Space Scale
/tmp/xcXdBknIH.o
                idloc                            200000   200000        8        0       5
                config                           300000   300000        E        0       4
                text                               352C     352C        2        4       0
                init                                1C0      1C0        4        4       0
                reset_vec                             0        0        6        0       0
dist/default/debug/Pick-and-place_Microchip.debug.o
                intcode                               8        8      1B8        4       0
                idloc                            200000   200000        8        0       5
                config                           300000   300000        E        0       4
                temp                                 76       76        1        1       1
                mediumconst                        7D3A     7D3A      2C6     3E9D       0
                text40                             3518     3518       14        4       0
                text38                             3492     3492       28        4       0
                text37                             3468     3468       2A        4       0
                text36                             2430     2430      138        4       0
                text35                             269A     269A      128        4       0
                text34                              F22      F22      4A4        4       0
                text33                             3356     3356       42        4       0
                text32                              97A      97A      5A8        4       0
                text31                             3288     3288       4A        4       0
                text30                             17F8     17F8      3E6        4       0
                text29                             3398     3398       40        4       0
                text28                             34DA     34DA       20        4       0
                text27                             343E     343E       2A        4       0
                text26                             3314     3314       42        4       0
                text25                             3174     3174       60        4       0
                text24                             1FD6     1FD6      1BE        4       0
                text23                             2EC0     2EC0       A0        4       0
                text22                             32D2     32D2       42        4       0
                text21                             2FF8     2FF8       86        4       0
                text20                             1BDE     1BDE      200        4       0
                text19                             2F60     2F60       98        4       0
                text18                             3100     3100       74        4       0
                text17                             31D4     31D4       5C        4       0
                text16                             2CFE     2CFE       EA        4       0
                text15                             2AFA     2AFA      10A        4       0
                text14                             29F0     29F0      10A        4       0
                text13                             27C2     27C2      124        4       0
                text12                             13C6     13C6      432        4       0
                text11                             1DDE     1DDE      1F8        4       0
                text10                             34BA     34BA       20        4       0
                text9                              2DE8     2DE8       D8        4       0
                text8                              22F8     22F8      138        4       0
                text7                               1C4      1C4      7B6        4       0
                text6                              2C04     2C04       FA        4       0
                text5                              307E     307E       82        4       0
                text4                              33D8     33D8       3A        4       0
                text3                              28E6     28E6      10A        4       0
                text2                              2568     2568      132        4       0
                text1                              2194     2194      164        4       0
                text0                              3412     3412       2C        4       0
                cstackCOMRAM                          1        1       5A        1       1
                cstackBANK0                          BF       BF       21       80       1
                dataBANK0                            E0       E0       1E       80       1
                bssBANK0                             80       80       3F       80       1
                dataCOMRAM                           75       75        1        1       1
                bssCOMRAM                            5B       5B       19        1       1
                cinit                              3230     3230       58        4       0
                nvCOMRAM                             74       74        1        1       1
                idataBANK0                         34FA     34FA       1E        4       0
                idataCOMRAM                        352E     352E        1        4       0

TOTAL           Name                               Link     Load   Length     Space
        CLASS   STACK          

        CLASS   CODE           
                intcode                               8        8      1B8         0
                text                               352C     352C        2         0
                init                                1C0      1C0        4         0
                reset_vec                             0        0        6         0
                text40                             3518     3518       14         0
                text38                             3492     3492       28         0
                text37                             3468     3468       2A         0
                text36                             2430     2430      138         0
                text35                             269A     269A      128         0
                text34                              F22      F22      4A4         0
                text33                             3356     3356       42         0
                text32                              97A      97A      5A8         0
                text31                             3288     3288       4A         0
                text30                             17F8     17F8      3E6         0
                text29                             3398     3398       40         0
                text28                             34DA     34DA       20         0
                text27                             343E     343E       2A         0
                text26                             3314     3314       42         0
                text25                             3174     3174       60         0
                text24                             1FD6     1FD6      1BE         0
                text23                             2EC0     2EC0       A0         0
                text22                             32D2     32D2       42         0
                text21                             2FF8     2FF8       86         0
                text20                             1BDE     1BDE      200         0
                text19                             2F60     2F60       98         0
                text18                             3100     3100       74         0
                text17                             31D4     31D4       5C         0
                text16                             2CFE     2CFE       EA         0
                text15                             2AFA     2AFA      10A         0
                text14                             29F0     29F0      10A         0
                text13                             27C2     27C2      124         0
                text12                             13C6     13C6      432         0
                text11                             1DDE     1DDE      1F8         0
                text10                             34BA     34BA       20         0
                text9                              2DE8     2DE8       D8         0
                text8                              22F8     22F8      138         0
                text7                               1C4      1C4      7B6         0
                text6                              2C04     2C04       FA         0
                text5                              307E     307E       82         0
                text4                              33D8     33D8       3A         0
                text3                              28E6     28E6      10A         0
                text2                              2568     2568      132         0
                text1                              2194     2194      164         0
                text0                              3412     3412       2C         0
                cinit                              3230     3230       58         0
                idataBANK0                         34FA     34FA       1E         0
                idataCOMRAM                        352E     352E        1         0

        CLASS   CONST          

        CLASS   SMALLCONST     

        CLASS   MEDIUMCONST    
                mediumconst                        7D3A     7D3A      2C6         0

        CLASS   COMRAM         
                temp                                 76       76        1         1
                cstackCOMRAM                          1        1       5A         1
                dataCOMRAM                           75       75        1         1
                bssCOMRAM                            5B       5B       19         1
                nvCOMRAM                             74       74        1         1

        CLASS   ABS1           

        CLASS   BIGRAM         

        CLASS   RAM            

        CLASS   BANK0          
                cstackBANK0                          BF       BF       21         1
                dataBANK0                            E0       E0       1E         1
                bssBANK0                             80       80       3F         1

        CLASS   BANK1          

        CLASS   BANK2          

        CLASS   BANK3          

        CLASS   BANK4          

        CLASS   BANK5          

        CLASS   SFR            

        CLASS   CONFIG         
                config                           300000   300000        E         4

        CLASS   IDLOC          
                idloc                            200000   200000        8         5

        CLASS   EEDATA         

        CLASS   FARRAM         



SEGMENTS        Name                           Load    Length   Top    Selector   Space  Class

                reset_vec                      000000  000006  000006         0       0  CODE    
                cstackCOMRAM                   000001  000076  000077         1       1  COMRAM  
                bssBANK0                       000080  00007E  0000FE        80       1  BANK0   
                intcode                        000008  003527  00352F         4       0  CODE    
                mediumconst                    007D3A  0002C6  008000      3E9D       0  MEDIUMCO


UNUSED ADDRESS RANGES

        Name                Unused          Largest block    Delta
        BANK0            0000FE-0000FF                2
        BANK1            000100-0001FF              100
        BANK2            000200-0002FF              100
        BANK3            000300-0003FF              100
        BANK4            000400-0004FF              100
        BANK5            000500-0005FF              100
        BIGRAM           000077-00007F                9
                         0000FE-0005FF              502
        CODE             000006-000007                2
                         00352F-007D39              AD1
        COMRAM           000077-00007F                9
        CONST            000006-000007                2
                         00352F-007D39             480B
        EEDATA           F00000-F000FF              100
        MEDIUMCONST      00352F-007D39             480B
        RAM              0000FE-0005FF              100
        SFR              000F80-000FFF               80
        SMALLCONST       00352F-007D39              100
        STACK            0000FE-0005FF              502

                                  Symbol Table

?___fladd                                                          cstackCOMRAM 00000A
?___fldiv                                                          cstackCOMRAM 000018
?___flmul                                                          cstackCOMRAM 00000A
?___flneg                                                          cstackCOMRAM 00000A
?___flsub                                                          cstackCOMRAM 00001A
?___fltol                                                          cstackCOMRAM 000057
?___memrchr                                                        cstackCOMRAM 00000E
?___wmul                                                           cstackCOMRAM 00000A
?___xxtofl                                                         cstackCOMRAM 00000A
?_atoi                                                             cstackCOMRAM 000011
?_isdigit                                                          cstackCOMRAM 00000A
?_isspace                                                          cstackCOMRAM 00000A
?_roundf                                                           cstackCOMRAM 00003D
?_strlen                                                           cstackCOMRAM 00000A
?_strrchr                                                          cstackCOMRAM 000018
Rx_char_USART@i                                                    cstackCOMRAM 000008
Tweezer@action                                                     cstackCOMRAM 00000A
Twister@direction                                                  cstackCOMRAM 000010
X_axis@direction                                                   cstackCOMRAM 000010
Y_axis@direction                                                   cstackCOMRAM 000010
Z_axis@direction                                                   cstackCOMRAM 000012
_Angle_diff                                                        bssCOMRAM    00005D
_INTCON2                                                           (abs)        000FF1
_INTCON3                                                           (abs)        000FF0
_INTCON3bits                                                       (abs)        000FF0
_INTCONbits                                                        (abs)        000FF2
_LATC                                                              (abs)        000F8B
_LATCbits                                                          (abs)        000F8B
_New_char_RX                                                       nvCOMRAM     000074
_PIE1bits                                                          (abs)        000F9D
_PIR1bits                                                          (abs)        000F9E
_PORTA                                                             (abs)        000F80
_PORTB                                                             (abs)        000F81
_PORTC                                                             (abs)        000F82
_PORTD                                                             (abs)        000F83
_Pick_Angle                                                        bssCOMRAM    000065
_Pick_Angle_D                                                      bssBANK0     0000AA
_Place_Angle                                                       bssCOMRAM    000063
_Place_Angle_D                                                     bssBANK0     0000A4
_RCIF                                                              (abs)        007CF5
_RCREG                                                             (abs)        000FAE
_RCSTAbits                                                         (abs)        000FAB
_RX_Char                                                           bssBANK0     0000BE
_Rot_dir                                                           bssCOMRAM    00006F
_Rx_char_USART                                                     intcode      000008
_SPBRG                                                             (abs)        000FAF
_State                                                             dataCOMRAM   000075
_Step_Angle                                                        bssBANK0     0000B0
_Step_X                                                            bssBANK0     0000B6
_Step_Y                                                            bssBANK0     0000B4
_Step_Z                                                            bssBANK0     0000B2
_Steps                                                             bssCOMRAM    00005B
_T0CONbits                                                         (abs)        000FD5
_T1CONbits                                                         (abs)        000FCD
_TMR0H                                                             (abs)        000FD7
_TMR0L                                                             (abs)        000FD6
_TMR1H                                                             (abs)        000FCF
_TMR1L                                                             (abs)        000FCE
_TRISA                                                             (abs)        000F92
_TRISB                                                             (abs)        000F93
_TRISCbits                                                         (abs)        000F94
_TRISD                                                             (abs)        000F95
_TXREG                                                             (abs)        000FAD
_TXSTAbits                                                         (abs)        000FAC
_Tweezer                                                           text18       003100
_Twister                                                           text16       002CFE
_X_Pick                                                            bssCOMRAM    00006D
_X_Pick_D                                                          bssBANK0     0000AE
_X_Place                                                           bssCOMRAM    00006B
_X_Place_D                                                         bssBANK0     0000A8
_X_axis                                                            text15       002AFA
_X_diff                                                            bssCOMRAM    000061
_X_dir                                                             bssCOMRAM    000071
_Y_Pick                                                            bssCOMRAM    000069
_Y_Pick_D                                                          bssBANK0     0000AC
_Y_Place                                                           bssCOMRAM    000067
_Y_Place_D                                                         bssBANK0     0000A6
_Y_axis                                                            text14       0029F0
_Y_diff                                                            bssCOMRAM    00005F
_Y_dir                                                             bssCOMRAM    000070
_Z_axis                                                            text13       0027C2
__HRAM                                                             (abs)        000000
__Habs1                                                            abs1         000000
__Hbank0                                                           bank0        000000
__Hbank1                                                           bank1        000000
__Hbank2                                                           bank2        000000
__Hbank3                                                           bank3        000000
__Hbank4                                                           bank4        000000
__Hbank5                                                           bank5        000000
__Hbigbss                                                          bigbss       000000
__Hbigdata                                                         bigdata      000000
__Hbigram                                                          bigram       000000
__Hbss                                                             bss          000000
__HbssBANK0                                                        bssBANK0     000000
__HbssCOMRAM                                                       bssCOMRAM    000000
__Hcinit                                                           cinit        000000
__Hclrtext                                                         clrtext      000000
__Hcomram                                                          comram       000000
__Hconfig                                                          config       30000E
__Hconst                                                           const        000000
__HcstackBANK0                                                     cstackBANK0  000000
__HcstackCOMRAM                                                    cstackCOMRAM 000000
__Hdata                                                            data         000000
__HdataBANK0                                                       dataBANK0    000000
__HdataCOMRAM                                                      dataCOMRAM   000000
__Heeprom_data                                                     eeprom_data  000000
__Hfarbss                                                          farbss       000000
__Hfardata                                                         fardata      000000
__Hibigdata                                                        ibigdata     000000
__Hidata                                                           idata        000000
__HidataBANK0                                                      idataBANK0   000000
__HidataCOMRAM                                                     idataCOMRAM  000000
__Hidloc                                                           idloc        200008
__Hifardata                                                        ifardata     000000
__Hinit                                                            init         0001C4
__Hintcode                                                         intcode      0001C0
__Hintcode_body                                                    intcode_body 000000
__Hintcodelo                                                       intcodelo    0001C0
__Hintentry                                                        intentry     000000
__Hintret                                                          intret       000000
__Hintsave_regs                                                    intsave_regs 000000
__Hirdata                                                          irdata       000000
__Hmediumconst                                                     mediumconst  008000
__HnvCOMRAM                                                        nvCOMRAM     000000
__HnvFARRAM                                                        nvFARRAM     000000
__Hnvbit                                                           nvbit        000000
__Hnvrram                                                          nvrram       000000
__Hparam                                                           rparam       000000
__Hpowerup                                                         powerup      0001C0
__Hram                                                             ram          000000
__Hramtop                                                          ramtop       000600
__Hrbit                                                            rbit         000000
__Hrbss                                                            rbss         000000
__Hrdata                                                           rdata        000000
__Hreset_vec                                                       reset_vec    000006
__Hrparam                                                          rparam       000000
__Hsfr                                                             sfr          000000
__Hsmallconst                                                      smallconst   000000
__Hspace_0                                                         (abs)        008000
__Hspace_1                                                         (abs)        0000FE
__Hspace_2                                                         (abs)        000000
__Hspace_4                                                         (abs)        60000E
__Hstack                                                           stack        000000
__Hstruct                                                          struct       000000
__Htemp                                                            temp         000077
__Htext                                                            text         000000
__Htext0                                                           text0        000000
__Htext1                                                           text1        000000
__Htext10                                                          text10       000000
__Htext11                                                          text11       000000
__Htext12                                                          text12       000000
__Htext13                                                          text13       000000
__Htext14                                                          text14       000000
__Htext15                                                          text15       000000
__Htext16                                                          text16       000000
__Htext17                                                          text17       000000
__Htext18                                                          text18       000000
__Htext19                                                          text19       000000
__Htext2                                                           text2        000000
__Htext20                                                          text20       000000
__Htext21                                                          text21       000000
__Htext22                                                          text22       000000
__Htext23                                                          text23       000000
__Htext24                                                          text24       000000
__Htext25                                                          text25       000000
__Htext26                                                          text26       000000
__Htext27                                                          text27       000000
__Htext28                                                          text28       000000
__Htext29                                                          text29       000000
__Htext3                                                           text3        000000
__Htext30                                                          text30       000000
__Htext31                                                          text31       000000
__Htext32                                                          text32       000000
__Htext33                                                          text33       000000
__Htext34                                                          text34       000000
__Htext35                                                          text35       000000
__Htext36                                                          text36       000000
__Htext37                                                          text37       000000
__Htext38                                                          text38       000000
__Htext4                                                           text4        000000
__Htext40                                                          text40       000000
__Htext5                                                           text5        000000
__Htext6                                                           text6        000000
__Htext7                                                           text7        000000
__Htext8                                                           text8        000000
__Htext9                                                           text9        000000
__LRAM                                                             (abs)        000001
__Labs1                                                            abs1         000000
__Lbank0                                                           bank0        000000
__Lbank1                                                           bank1        000000
__Lbank2                                                           bank2        000000
__Lbank3                                                           bank3        000000
__Lbank4                                                           bank4        000000
__Lbank5                                                           bank5        000000
__Lbigbss                                                          bigbss       000000
__Lbigdata                                                         bigdata      000000
__Lbigram                                                          bigram       000000
__Lbss                                                             bss          000000
__LbssBANK0                                                        bssBANK0     000000
__LbssCOMRAM                                                       bssCOMRAM    000000
__Lcinit                                                           cinit        000000
__Lclrtext                                                         clrtext      000000
__Lcomram                                                          comram       000000
__Lconfig                                                          config       000000
__Lconst                                                           const        000000
__LcstackBANK0                                                     cstackBANK0  000000
__LcstackCOMRAM                                                    cstackCOMRAM 000000
__Ldata                                                            data         000000
__LdataBANK0                                                       dataBANK0    000000
__LdataCOMRAM                                                      dataCOMRAM   000000
__Leeprom_data                                                     eeprom_data  000000
__Lfarbss                                                          farbss       000000
__Lfardata                                                         fardata      000000
__Libigdata                                                        ibigdata     000000
__Lidata                                                           idata        000000
__LidataBANK0                                                      idataBANK0   000000
__LidataCOMRAM                                                     idataCOMRAM  000000
__Lidloc                                                           idloc        000000
__Lifardata                                                        ifardata     000000
__Linit                                                            init         0001C0
__Lintcode                                                         intcode      000008
__Lintcode_body                                                    intcode_body 000000
__Lintcodelo                                                       intcodelo    0001C0
__Lintentry                                                        intentry     000000
__Lintret                                                          intret       000000
__Lintsave_regs                                                    intsave_regs 000000
__Lirdata                                                          irdata       000000
__Lmediumconst                                                     mediumconst  007D3A
__LnvCOMRAM                                                        nvCOMRAM     000000
__LnvFARRAM                                                        nvFARRAM     000000
__Lnvbit                                                           nvbit        000000
__Lnvrram                                                          nvrram       000000
__Lparam                                                           rparam       000000
__Lpowerup                                                         powerup      0001C0
__Lram                                                             ram          000000
__Lramtop                                                          ramtop       000600
__Lrbit                                                            rbit         000000
__Lrbss                                                            rbss         000000
__Lrdata                                                           rdata        000000
__Lreset_vec                                                       reset_vec    000000
__Lrparam                                                          rparam       000000
__Lsfr                                                             sfr          000000
__Lsmallconst                                                      smallconst   000000
__Lspace_0                                                         (abs)        000000
__Lspace_1                                                         (abs)        000000
__Lspace_2                                                         (abs)        000000
__Lspace_4                                                         (abs)        000000
__Lstack                                                           stack        000000
__Lstruct                                                          struct       000000
__Ltemp                                                            temp         000076
__Ltext                                                            text         000000
__Ltext0                                                           text0        000000
__Ltext1                                                           text1        000000
__Ltext10                                                          text10       000000
__Ltext11                                                          text11       000000
__Ltext12                                                          text12       000000
__Ltext13                                                          text13       000000
__Ltext14                                                          text14       000000
__Ltext15                                                          text15       000000
__Ltext16                                                          text16       000000
__Ltext17                                                          text17       000000
__Ltext18                                                          text18       000000
__Ltext19                                                          text19       000000
__Ltext2                                                           text2        000000
__Ltext20                                                          text20       000000
__Ltext21                                                          text21       000000
__Ltext22                                                          text22       000000
__Ltext23                                                          text23       000000
__Ltext24                                                          text24       000000
__Ltext25                                                          text25       000000
__Ltext26                                                          text26       000000
__Ltext27                                                          text27       000000
__Ltext28                                                          text28       000000
__Ltext29                                                          text29       000000
__Ltext3                                                           text3        000000
__Ltext30                                                          text30       000000
__Ltext31                                                          text31       000000
__Ltext32                                                          text32       000000
__Ltext33                                                          text33       000000
__Ltext34                                                          text34       000000
__Ltext35                                                          text35       000000
__Ltext36                                                          text36       000000
__Ltext37                                                          text37       000000
__Ltext38                                                          text38       000000
__Ltext4                                                           text4        000000
__Ltext40                                                          text40       000000
__Ltext5                                                           text5        000000
__Ltext6                                                           text6        000000
__Ltext7                                                           text7        000000
__Ltext8                                                           text8        000000
__Ltext9                                                           text9        000000
__S0                                                               (abs)        008000
__S1                                                               (abs)        0000FE
__S2                                                               (abs)        000000
__S4                                                               (abs)        000000
__S5                                                               (abs)        000000
___fladd                                                           text32       00097A
___fladd@a                                                         cstackCOMRAM 00000E
___fladd@aexp                                                      cstackCOMRAM 000017
___fladd@b                                                         cstackCOMRAM 00000A
___fladd@bexp                                                      cstackCOMRAM 000018
___fladd@grs                                                       cstackCOMRAM 000019
___fladd@signs                                                     cstackCOMRAM 000016
___fldiv                                                           text12       0013C6
___fldiv@a                                                         cstackCOMRAM 00001C
___fldiv@aexp                                                      cstackCOMRAM 000030
___fldiv@b                                                         cstackCOMRAM 000018
___fldiv@bexp                                                      cstackCOMRAM 00002F
___fldiv@grs                                                       cstackCOMRAM 00002B
___fldiv@new_exp                                                   cstackCOMRAM 000029
___fldiv@rem                                                       cstackCOMRAM 000024
___fldiv@sign                                                      cstackCOMRAM 000028
___flge                                                            text35       00269A
___flge@ff1                                                        cstackCOMRAM 000031
___flge@ff2                                                        cstackCOMRAM 000035
___flmul                                                           text34       000F22
___flmul@a                                                         cstackCOMRAM 00000E
___flmul@aexp                                                      cstackCOMRAM 00001B
___flmul@b                                                         cstackCOMRAM 00000A
___flmul@bexp                                                      cstackCOMRAM 00001C
___flmul@grs                                                       cstackCOMRAM 000017
___flmul@prod                                                      cstackCOMRAM 00001D
___flmul@sign                                                      cstackCOMRAM 000016
___flmul@temp                                                      cstackCOMRAM 000021
___flneg                                                           text33       003356
___flneg@f1                                                        cstackCOMRAM 00000A
___flsub                                                           text31       003288
___flsub@a                                                         cstackCOMRAM 00001E
___flsub@b                                                         cstackCOMRAM 00001A
___fltol                                                           text36       002430
___fltol@exp1                                                      cstackBANK0  0000C4
___fltol@f1                                                        cstackCOMRAM 000057
___fltol@sign1                                                     cstackBANK0  0000C3
___inthi_sp                                                        stack        000000
___intlo_sp                                                        stack        000000
___memrchr                                                         text5        00307E
___memrchr@c                                                       cstackCOMRAM 000010
___memrchr@m                                                       cstackCOMRAM 00000E
___memrchr@n                                                       cstackCOMRAM 000012
___memrchr@s                                                       cstackCOMRAM 000016
___param_bank                                                      (abs)        000000
___rparam_used                                                     (abs)        000001
___sp                                                              stack        000000
___wmul                                                            text27       00343E
___wmul@multiplicand                                               cstackCOMRAM 00000C
___wmul@multiplier                                                 cstackCOMRAM 00000A
___wmul@product                                                    cstackCOMRAM 00000E
___xxtofl                                                          text11       001DDE
___xxtofl@arg                                                      cstackCOMRAM 000014
___xxtofl@exp                                                      cstackCOMRAM 000013
___xxtofl@sign                                                     cstackCOMRAM 000012
___xxtofl@val                                                      cstackCOMRAM 00000A
__accesstop                                                        (abs)        000080
__activetblptr                                                     (abs)        000002
__cntErrataNOP_/tmp/xcXdBknIH.o                                    (abs)        000001
__cntErrataNOP_dist/default/debug/Pick-and-place_Microchip.debug.o (abs)        0002E7
__end_of_Fosc                                                      mediumconst  007D4F
__end_of_Fosc@main$F793                                            mediumconst  007D4B
__end_of_Rx_char_USART                                             intcode      0001C0
__end_of_Tweezer                                                   text18       003174
__end_of_Twister                                                   text16       002DE8
__end_of_X_axis                                                    text15       002C04
__end_of_Y_axis                                                    text14       002AFA
__end_of_Z_axis                                                    text13       0028E6
__end_of___fladd                                                   text32       000F22
__end_of___fldiv                                                   text12       0017F8
__end_of___flge                                                    text35       0027C2
__end_of___flmul                                                   text34       0013C6
__end_of___flneg                                                   text33       003398
__end_of___flsub                                                   text31       0032D2
__end_of___fltol                                                   text36       002568
__end_of___memrchr                                                 text5        003100
__end_of___wmul                                                    text27       003468
__end_of___xxtofl                                                  text11       001FD6
__end_of__initialization                                           cinit        00327A
__end_of_add_component                                             text20       001DDE
__end_of_atoi                                                      text24       002194
__end_of_change_sequence                                           text19       002FF8
__end_of_check_component                                           text9        002EC0
__end_of_desired_BaudRate                                          mediumconst  007D47
__end_of_desired_BaudRate@main$F795                                mediumconst  007D43
__end_of_fetch_parameters                                          text8        002430
__end_of_init_PORTS                                                text38       0034BA
__end_of_init_Timers                                               text37       003492
__end_of_init_USART                                                text29       0033D8
__end_of_init_interrupts                                           text28       0034FA
__end_of_isdigit                                                   text26       003356
__end_of_isspace                                                   text25       0031D4
__end_of_main                                                      text0        00343E
__end_of_memmove                                                   text6        002CFE
__end_of_ms_delay                                                  text17       003230
__end_of_pick_and_place                                            text7        00097A
__end_of_print_char                                                text10       0034DA
__end_of_print_string                                              text23       002F60
__end_of_remove_component                                          text3        0029F0
__end_of_return_to_initial                                         text2        00269A
__end_of_roundf                                                    text30       001BDE
__end_of_set_new_pos                                               text40       00352C
__end_of_start_up_menu                                             text1        0022F8
__end_of_strlen                                                    text22       003314
__end_of_strncat                                                   text21       00307E
__end_of_strrchr                                                   text4        003412
__end_of_toint                                                     mediumconst  007D3F
__initialization                                                   cinit        003230
__mediumconst                                                      mediumconst  007D3A
__pbssBANK0                                                        bssBANK0     000080
__pbssCOMRAM                                                       bssCOMRAM    00005B
__pcinit                                                           cinit        003230
__pcstackBANK0                                                     cstackBANK0  0000BF
__pcstackCOMRAM                                                    cstackCOMRAM 000001
__pdataBANK0                                                       dataBANK0    0000E0
__pdataCOMRAM                                                      dataCOMRAM   000075
__pidataBANK0                                                      idataBANK0   0034FA
__pidataCOMRAM                                                     idataCOMRAM  00352E
__pintcode                                                         intcode      000008
__pmediumconst                                                     mediumconst  007D3A
__pnvCOMRAM                                                        nvCOMRAM     000074
__ptext0                                                           text0        003412
__ptext1                                                           text1        002194
__ptext10                                                          text10       0034BA
__ptext11                                                          text11       001DDE
__ptext12                                                          text12       0013C6
__ptext13                                                          text13       0027C2
__ptext14                                                          text14       0029F0
__ptext15                                                          text15       002AFA
__ptext16                                                          text16       002CFE
__ptext17                                                          text17       0031D4
__ptext18                                                          text18       003100
__ptext19                                                          text19       002F60
__ptext2                                                           text2        002568
__ptext20                                                          text20       001BDE
__ptext21                                                          text21       002FF8
__ptext22                                                          text22       0032D2
__ptext23                                                          text23       002EC0
__ptext24                                                          text24       001FD6
__ptext25                                                          text25       003174
__ptext26                                                          text26       003314
__ptext27                                                          text27       00343E
__ptext28                                                          text28       0034DA
__ptext29                                                          text29       003398
__ptext3                                                           text3        0028E6
__ptext30                                                          text30       0017F8
__ptext31                                                          text31       003288
__ptext32                                                          text32       00097A
__ptext33                                                          text33       003356
__ptext34                                                          text34       000F22
__ptext35                                                          text35       00269A
__ptext36                                                          text36       002430
__ptext37                                                          text37       003468
__ptext38                                                          text38       003492
__ptext4                                                           text4        0033D8
__ptext40                                                          text40       003518
__ptext5                                                           text5        00307E
__ptext6                                                           text6        002C04
__ptext7                                                           text7        0001C4
__ptext8                                                           text8        0022F8
__ptext9                                                           text9        002DE8
__ramtop                                                           ramtop       000600
__size_of_Rx_char_USART                                            (abs)        000000
__size_of_Tweezer                                                  (abs)        000000
__size_of_Twister                                                  (abs)        000000
__size_of_X_axis                                                   (abs)        000000
__size_of_Y_axis                                                   (abs)        000000
__size_of_Z_axis                                                   (abs)        000000
__size_of___fladd                                                  (abs)        000000
__size_of___fldiv                                                  (abs)        000000
__size_of___flge                                                   (abs)        000000
__size_of___flmul                                                  (abs)        000000
__size_of___flneg                                                  (abs)        000000
__size_of___flsub                                                  (abs)        000000
__size_of___fltol                                                  (abs)        000000
__size_of___memrchr                                                (abs)        000000
__size_of___wmul                                                   (abs)        000000
__size_of___xxtofl                                                 (abs)        000000
__size_of_add_component                                            (abs)        000000
__size_of_atoi                                                     (abs)        000000
__size_of_change_sequence                                          (abs)        000000
__size_of_check_component                                          (abs)        000000
__size_of_fetch_parameters                                         (abs)        000000
__size_of_init_PORTS                                               (abs)        000000
__size_of_init_Timers                                              (abs)        000000
__size_of_init_USART                                               (abs)        000000
__size_of_init_interrupts                                          (abs)        000000
__size_of_isdigit                                                  (abs)        000000
__size_of_isspace                                                  (abs)        000000
__size_of_main                                                     (abs)        000000
__size_of_memmove                                                  (abs)        000000
__size_of_ms_delay                                                 (abs)        000000
__size_of_pick_and_place                                           (abs)        000000
__size_of_print_char                                               (abs)        000000
__size_of_print_string                                             (abs)        000000
__size_of_remove_component                                         (abs)        000000
__size_of_return_to_initial                                        (abs)        000000
__size_of_roundf                                                   (abs)        000000
__size_of_set_new_pos                                              (abs)        000000
__size_of_start_up_menu                                            (abs)        000000
__size_of_strlen                                                   (abs)        000000
__size_of_strncat                                                  (abs)        000000
__size_of_strrchr                                                  (abs)        000000
__smallconst                                                       smallconst   000000
_add_component                                                     text20       001BDE
_angle_diff                                                        bssBANK0     0000A2
_atoi                                                              text24       001FD6
_atoi$1402                                                         cstackCOMRAM 000019
_atoi$1403                                                         cstackCOMRAM 00001D
_atoi$1404                                                         cstackCOMRAM 00001B
_change_sequence                                                   text19       002F60
_check_component                                                   text9        002DE8
_component_present                                                 bssCOMRAM    000073
_displacement_X                                                    bssBANK0     0000BC
_displacement_Y                                                    bssBANK0     0000BA
_fetch_parameters                                                  text8        0022F8
_init_PORTS                                                        text38       003492
_init_Timers                                                       text37       003468
_init_USART                                                        text29       003398
_init_interrupts                                                   text28       0034DA
_input_str                                                         dataBANK0    0000F0
_isdigit                                                           text26       003314
_isspace                                                           text25       003174
_isspace$1420                                                      cstackCOMRAM 000010
_lenth_of_array                                                    dataBANK0    0000EA
_main                                                              text0        003412
_memmove                                                           text6        002C04
_ms_delay                                                          text17       0031D4
_new_TMR1H@main$F825                                               dataBANK0    0000ED
_new_TMR1L@main$F826                                               dataBANK0    0000EC
_pick_and_place                                                    text7        0001C4
_pick_and_place$913                                                cstackBANK0  0000C1
_pick_and_place$916                                                cstackBANK0  0000C5
_pick_and_place$919                                                cstackBANK0  0000C9
_pick_and_place$927                                                cstackBANK0  0000D1
_pick_and_place$929                                                cstackBANK0  0000D5
_pick_and_place$931                                                cstackBANK0  0000D9
_print_char                                                        text10       0034BA
_print_string                                                      text23       002EC0
_remove_component                                                  text3        0028E6
_return_to_initial                                                 text2        002568
_rotation                                                          bssBANK0     0000B8
_roundf                                                            text30       0017F8
_roundf$1680                                                       cstackCOMRAM 00004B
_roundf$1681                                                       cstackCOMRAM 000045
_sequence                                                          dataBANK0    0000FA
_set_new_pos                                                       text40       003518
_start_up_menu                                                     text1        002194
_stop                                                              bssCOMRAM    000072
_strlen                                                            text22       0032D2
_strncat                                                           text21       002FF8
_strrchr                                                           text4        0033D8
_testarray                                                         bssBANK0     000080
add_component@F3142                                                dataBANK0    0000E8
add_component@add_componnt                                         cstackCOMRAM 000020
atoi@n                                                             cstackCOMRAM 00001E
atoi@neg                                                           cstackCOMRAM 000017
atoi@s                                                             cstackCOMRAM 000011
btemp                                                              temp         000076
change_sequence@i                                                  cstackCOMRAM 000013
check_component@Compnt                                             cstackCOMRAM 000012
check_component@j                                                  cstackCOMRAM 000013
end_of_initialization                                              cinit        00327A
fetch_parameters@Componnt                                          cstackCOMRAM 00000A
int$flags                                                          temp         000076
intlevel0                                                          text         00352C
intlevel1                                                          text         00352C
intlevel2                                                          text         00352C
intlevel3                                                          text         00352C
isa$std                                                            (abs)        000001
isa$xinst                                                          (abs)        000000
isdigit@c                                                          cstackCOMRAM 00000A
isspace@c                                                          cstackCOMRAM 00000A
memmove@d                                                          cstackCOMRAM 000016
memmove@d1                                                         cstackCOMRAM 00000E
memmove@n                                                          cstackCOMRAM 000012
memmove@s                                                          cstackCOMRAM 000018
memmove@s1                                                         cstackCOMRAM 000010
ms_delay@i                                                         cstackCOMRAM 00000C
ms_delay@j                                                         cstackCOMRAM 00000E
ms_delay@val                                                       cstackCOMRAM 00000A
pick_and_place@Componnt                                            cstackBANK0  0000DF
pick_and_place@i                                                   cstackBANK0  0000BF
pick_and_place@i_914                                               cstackBANK0  0000C3
pick_and_place@i_917                                               cstackBANK0  0000C7
pick_and_place@i_921                                               cstackBANK0  0000CB
pick_and_place@i_924                                               cstackBANK0  0000CD
pick_and_place@i_926                                               cstackBANK0  0000CF
pick_and_place@i_928                                               cstackBANK0  0000D3
pick_and_place@i_930                                               cstackBANK0  0000D7
pick_and_place@i_932                                               cstackBANK0  0000DB
pick_and_place@i_933                                               cstackBANK0  0000DD
print_char@chr                                                     cstackCOMRAM 00000A
print_string@i                                                     cstackCOMRAM 00000E
print_string@strng                                                 cstackCOMRAM 00000A
remove_component@indxToDel                                         cstackCOMRAM 00001F
remove_component@ptr                                               cstackCOMRAM 00001C
remove_component@rm_comp                                           cstackCOMRAM 00001E
return_to_initial@i                                                cstackCOMRAM 000014
return_to_initial@i_936                                            cstackCOMRAM 000016
return_to_initial@i_937                                            cstackCOMRAM 000018
return_to_initial@i_938                                            cstackCOMRAM 00001A
roundf@F528                                                        bssBANK0     00009E
roundf@e                                                           cstackCOMRAM 000049
roundf@u                                                           cstackCOMRAM 00004F
roundf@x                                                           cstackCOMRAM 00003D
roundf@y                                                           cstackCOMRAM 000053
set_new_pos@nTMR1H                                                 cstackCOMRAM 000002
set_new_pos@nTMR1L                                                 cstackCOMRAM 000001
stackhi                                                            (abs)        0005FF
stacklo                                                            (abs)        0000FE
start                                                              init         0001C0
start_initialization                                               cinit        003230
start_up_menu@i                                                    cstackCOMRAM 000041
strlen@a                                                           cstackCOMRAM 00000C
strlen@s                                                           cstackCOMRAM 00000A
strncat@d                                                          cstackCOMRAM 00000E
strncat@n                                                          cstackCOMRAM 000012
strncat@s                                                          cstackCOMRAM 000010
strrchr@c                                                          cstackCOMRAM 00001A
strrchr@s                                                          cstackCOMRAM 000018
ttemp5                                                             temp         000077
ttemp6                                                             temp         00007A
ttemp7                                                             temp         00007E
wtemp8                                                             temp         000077


MODULE INFORMATION

Module		Function		Class		Link	Load	Size
/opt/microchip/xc8/v2.32/pic/sources/c99/common/memmove.c
		_memmove       		CODE           	2C04	0000	250

/opt/microchip/xc8/v2.32/pic/sources/c99/common/memmove.c estimated size: 250

/opt/microchip/xc8/v2.32/pic/sources/c99/common/Umul16.c
		___wmul        		CODE           	343E	0000	42

/opt/microchip/xc8/v2.32/pic/sources/c99/common/Umul16.c estimated size: 42

/opt/microchip/xc8/v2.32/pic/sources/c99/common/isdigit.c
		_isdigit       		CODE           	3314	0000	66

/opt/microchip/xc8/v2.32/pic/sources/c99/common/isdigit.c estimated size: 66

/opt/microchip/xc8/v2.32/pic/sources/c99/common/roundf.c
		_roundf        		CODE           	17F8	0000	998

/opt/microchip/xc8/v2.32/pic/sources/c99/common/roundf.c estimated size: 998

/opt/microchip/xc8/v2.32/pic/sources/c99/common/sprcadd.c
		___flsub       		CODE           	3288	0000	74
		___fladd       		CODE           	097A	0000	1448

/opt/microchip/xc8/v2.32/pic/sources/c99/common/sprcadd.c estimated size: 1522

/opt/microchip/xc8/v2.32/pic/sources/c99/common/flneg.c
		___flneg       		CODE           	3356	0000	66

/opt/microchip/xc8/v2.32/pic/sources/c99/common/flneg.c estimated size: 66

/opt/microchip/xc8/v2.32/pic/sources/c99/common/xxtofl.c
		___xxtofl      		CODE           	1DDE	0000	504

/opt/microchip/xc8/v2.32/pic/sources/c99/common/xxtofl.c estimated size: 504

/opt/microchip/xc8/v2.32/pic/sources/c99/common/atoi.c
		_atoi          		CODE           	1FD6	0000	446

/opt/microchip/xc8/v2.32/pic/sources/c99/common/atoi.c estimated size: 446

/opt/microchip/xc8/v2.32/pic/sources/c99/common/memrchr.c
		___memrchr     		CODE           	307E	0000	130

/opt/microchip/xc8/v2.32/pic/sources/c99/common/memrchr.c estimated size: 130

/opt/microchip/xc8/v2.32/pic/sources/c99/common/strlen.c
		_strlen        		CODE           	32D2	0000	66

/opt/microchip/xc8/v2.32/pic/sources/c99/common/strlen.c estimated size: 66

shared
		_Fosc@main$F793		MEDIUMCONST    	0000	0000	0
		_desired_BaudRate@main$F795		MEDIUMCONST    	0000	0000	0
		__initialization		CODE           	3230	0000	74
		_desired_BaudRate		MEDIUMCONST    	0000	0000	0
		_toint         		MEDIUMCONST    	0000	0000	0
		_Fosc          		MEDIUMCONST    	0000	0000	0

shared estimated size: 74

serial_rs232.c
		_print_char    		CODE           	34BA	0000	32
		_print_string  		CODE           	2EC0	0000	160
		_init_USART    		CODE           	3398	0000	64

serial_rs232.c estimated size: 256

/opt/microchip/xc8/v2.32/pic/sources/c99/common/strncat.c
		_strncat       		CODE           	2FF8	0000	134

/opt/microchip/xc8/v2.32/pic/sources/c99/common/strncat.c estimated size: 134

init_PIC.c
		_init_PORTS    		CODE           	3492	0000	40
		_init_Timers   		CODE           	3468	0000	42
		_init_interrupts		CODE           	34DA	0000	32

init_PIC.c estimated size: 114

/opt/microchip/xc8/v2.32/pic/sources/c99/common/isspace.c
		_isspace       		CODE           	3174	0000	96

/opt/microchip/xc8/v2.32/pic/sources/c99/common/isspace.c estimated size: 96

/opt/microchip/xc8/v2.32/pic/sources/c99/common/sprcmul.c
		___flmul       		CODE           	0F22	0000	1188

/opt/microchip/xc8/v2.32/pic/sources/c99/common/sprcmul.c estimated size: 1188

main.c
		_check_component		CODE           	2DE8	0000	216
		_start_up_menu 		CODE           	2194	0000	356
		_Twister       		CODE           	2CFE	0000	234
		_add_component 		CODE           	1BDE	0000	512
		_X_axis        		CODE           	2AFA	0000	266
		_Y_axis        		CODE           	29F0	0000	266
		_Z_axis        		CODE           	27C2	0000	292
		_set_new_pos   		CODE           	3518	0000	20
		_remove_component		CODE           	28E6	0000	266
		_main          		CODE           	3412	0000	44
		_change_sequence		CODE           	2F60	0000	152
		_return_to_initial		CODE           	2568	0000	306
		_pick_and_place		CODE           	01C4	0000	1974
		_ms_delay      		CODE           	31D4	0000	92
		_fetch_parameters		CODE           	22F8	0000	312
		_Tweezer       		CODE           	3100	0000	116
		_Rx_char_USART 		CODE           	0008	0000	440

main.c estimated size: 5864

/opt/microchip/xc8/v2.32/pic/sources/c99/common/flge.c
		___flge        		CODE           	269A	0000	296

/opt/microchip/xc8/v2.32/pic/sources/c99/common/flge.c estimated size: 296

/opt/microchip/xc8/v2.32/pic/sources/c99/common/sprcdiv.c
		___fldiv       		CODE           	13C6	0000	1074

/opt/microchip/xc8/v2.32/pic/sources/c99/common/sprcdiv.c estimated size: 1074

/opt/microchip/xc8/v2.32/pic/sources/c99/common/strrchr.c
		_strrchr       		CODE           	33D8	0000	58

/opt/microchip/xc8/v2.32/pic/sources/c99/common/strrchr.c estimated size: 58

/opt/microchip/xc8/v2.32/pic/sources/c99/common/fltol.c
		___fltol       		CODE           	2430	0000	312

/opt/microchip/xc8/v2.32/pic/sources/c99/common/fltol.c estimated size: 312

