Microchip MPLAB XC8 Compiler V2.32

Linker command line:

-W-3 --edf=/opt/microchip/xc8/v2.32/pic/dat/en_msgs.txt -cn \
  -h+dist/default/production/Pick-and-place_Microchip.production.sym \
  --cmf=dist/default/production/Pick-and-place_Microchip.production.cmf -z \
  -Q18F452 -o/tmp/xcXFeGEOf --defsym=__MPLAB_BUILD=1 \
  -Mdist/default/production/Pick-and-place_Microchip.production.map -E1 \
  -ver=XC8 Compiler --acfsm=1493 -ASTACK=0F9h-05FFh -pstack=STACK \
  -ACODE=00h-03FFFhx2 -ACONST=00h-07FFFh -ASMALLCONST=0600h-06FFhx122 \
  -AMEDIUMCONST=0600h-07FFFh -ACOMRAM=01h-07Fh -AABS1=00h-05FFh \
  -ABIGRAM=01h-05FFh -ARAM=080h-0FFh,0100h-01FFhx5 -ABANK0=080h-0FFh \
  -ABANK1=0100h-01FFh -ABANK2=0200h-02FFh -ABANK3=0300h-03FFh \
  -ABANK4=0400h-04FFh -ABANK5=0500h-05FFh -ASFR=0F80h-0FFFh \
  -ACONFIG=0300000h-030000Dh -AIDLOC=0200000h-0200007h \
  -AEEDATA=0F00000h-0F000FFh -peeprom_data=EEDATA \
  -preset_vec=00h,intcode=08h,intcodelo,powerup,init -pramtop=0600h \
  -psmallconst=SMALLCONST -pmediumconst=MEDIUMCONST -pconst=CONST \
  -AFARRAM=00h-00h \
  -prdata=COMRAM,nvrram=COMRAM,nvbit=COMRAM,rbss=COMRAM,rbit=COMRAM \
  -pfarbss=FARRAM,fardata=FARRAM,nvFARRAM=FARRAM \
  -pintsave_regs=BIGRAM,bigbss=BIGRAM,bigdata=BIGRAM -pbss=RAM \
  -pidata=CODE,irdata=CODE,ibigdata=CODE,ifardata=CODE -prparam=COMRAM \
  /tmp/xcXiCMljJ.o \
  dist/default/production/Pick-and-place_Microchip.production.o 

Object code version is 3.11

Machine type is 18F452



                Name                               Link     Load   Length Selector   Space Scale
/tmp/xcXiCMljJ.o
                idloc                            200000   200000        8        0       5
                config                           300000   300000        E        0       4
                text                               31E6     31E6        2        4       0
                init                                 DC       DC        4        4       0
                reset_vec                             0        0        6        0       0
dist/default/production/Pick-and-place_Microchip.production.o
                intcode                               8        8       D4        4       0
                idloc                            200000   200000        8        0       5
                config                           300000   300000        E        0       4
                temp                                 78       78        1        1       1
                mediumconst                        7D78     7D78      288     3EBC       0
                text34                             316C     316C       2A        4       0
                text33                             22EE     22EE      138        4       0
                text32                             2558     2558      128        4       0
                text31                              DCC      DCC      4A4        4       0
                text30                             3086     3086       42        4       0
                text29                              824      824      5A8        4       0
                text28                             2FB8     2FB8       4A        4       0
                text27                             16A2     16A2      3E6        4       0
                text26                             30C8     30C8       40        4       0
                text25                             31D2     31D2       14        4       0
                text24                             3142     3142       2A        4       0
                text23                             3044     3044       42        4       0
                text22                             2EA4     2EA4       60        4       0
                text21                             1E80     1E80      1BE        4       0
                text20                             2C64     2C64       A0        4       0
                text19                             3002     3002       42        4       0
                text18                             2D9C     2D9C       86        4       0
                text17                             1A88     1A88      200        4       0
                text16                             2D04     2D04       98        4       0
                text15                             2F04     2F04       5C        4       0
                text14                             2B84     2B84       E0        4       0
                text13                             298A     298A      100        4       0
                text12                             288A     288A      100        4       0
                text11                             278A     278A      100        4       0
                text10                             1270     1270      432        4       0
                text9                              1C88     1C88      1F8        4       0
                text8                              21B6     21B6      138        4       0
                text7                                E0       E0      744        4       0
                text6                              2A8A     2A8A       FA        4       0
                text5                              2E22     2E22       82        4       0
                text4                              3108     3108       3A        4       0
                text3                              2680     2680      10A        4       0
                text2                              2426     2426      132        4       0
                text1                              203E     203E      178        4       0
                text0                              3196     3196       22        4       0
                cstackCOMRAM                          1        1       5C        1       1
                cstackBANK0                          BE       BE       21       80       1
                dataBANK0                            DF       DF       1A       80       1
                bssBANK0                             80       80       3E       80       1
                dataCOMRAM                           77       77        1        1       1
                bssCOMRAM                            5D       5D       19        1       1
                cinit                              2F60     2F60       58        4       0
                nvCOMRAM                             76       76        1        1       1
                idataBANK0                         31B8     31B8       1A        4       0
                idataCOMRAM                        31E8     31E8        1        4       0

TOTAL           Name                               Link     Load   Length     Space
        CLASS   STACK          

        CLASS   CODE           
                intcode                               8        8       D4         0
                text                               31E6     31E6        2         0
                init                                 DC       DC        4         0
                reset_vec                             0        0        6         0
                text34                             316C     316C       2A         0
                text33                             22EE     22EE      138         0
                text32                             2558     2558      128         0
                text31                              DCC      DCC      4A4         0
                text30                             3086     3086       42         0
                text29                              824      824      5A8         0
                text28                             2FB8     2FB8       4A         0
                text27                             16A2     16A2      3E6         0
                text26                             30C8     30C8       40         0
                text25                             31D2     31D2       14         0
                text24                             3142     3142       2A         0
                text23                             3044     3044       42         0
                text22                             2EA4     2EA4       60         0
                text21                             1E80     1E80      1BE         0
                text20                             2C64     2C64       A0         0
                text19                             3002     3002       42         0
                text18                             2D9C     2D9C       86         0
                text17                             1A88     1A88      200         0
                text16                             2D04     2D04       98         0
                text15                             2F04     2F04       5C         0
                text14                             2B84     2B84       E0         0
                text13                             298A     298A      100         0
                text12                             288A     288A      100         0
                text11                             278A     278A      100         0
                text10                             1270     1270      432         0
                text9                              1C88     1C88      1F8         0
                text8                              21B6     21B6      138         0
                text7                                E0       E0      744         0
                text6                              2A8A     2A8A       FA         0
                text5                              2E22     2E22       82         0
                text4                              3108     3108       3A         0
                text3                              2680     2680      10A         0
                text2                              2426     2426      132         0
                text1                              203E     203E      178         0
                text0                              3196     3196       22         0
                cinit                              2F60     2F60       58         0
                idataBANK0                         31B8     31B8       1A         0
                idataCOMRAM                        31E8     31E8        1         0

        CLASS   CONST          

        CLASS   SMALLCONST     

        CLASS   MEDIUMCONST    
                mediumconst                        7D78     7D78      288         0

        CLASS   COMRAM         
                temp                                 78       78        1         1
                cstackCOMRAM                          1        1       5C         1
                dataCOMRAM                           77       77        1         1
                bssCOMRAM                            5D       5D       19         1
                nvCOMRAM                             76       76        1         1

        CLASS   ABS1           

        CLASS   BIGRAM         

        CLASS   RAM            

        CLASS   BANK0          
                cstackBANK0                          BE       BE       21         1
                dataBANK0                            DF       DF       1A         1
                bssBANK0                             80       80       3E         1

        CLASS   BANK1          

        CLASS   BANK2          

        CLASS   BANK3          

        CLASS   BANK4          

        CLASS   BANK5          

        CLASS   SFR            

        CLASS   CONFIG         
                config                           300000   300000        E         4

        CLASS   IDLOC          
                idloc                            200000   200000        8         5

        CLASS   EEDATA         

        CLASS   FARRAM         



SEGMENTS        Name                           Load    Length   Top    Selector   Space  Class

                reset_vec                      000000  000006  000006         0       0  CODE    
                cstackCOMRAM                   000001  000078  000079         1       1  COMRAM  
                bssBANK0                       000080  000079  0000F9        80       1  BANK0   
                intcode                        000008  0031E1  0031E9         4       0  CODE    
                mediumconst                    007D78  000288  008000      3EBC       0  MEDIUMCO


UNUSED ADDRESS RANGES

        Name                Unused          Largest block    Delta
        BANK0            0000F9-0000FF                7
        BANK1            000100-0001FF              100
        BANK2            000200-0002FF              100
        BANK3            000300-0003FF              100
        BANK4            000400-0004FF              100
        BANK5            000500-0005FF              100
        BIGRAM           000079-00007F                7
                         0000F9-0005FF              507
        CODE             000006-000007                2
                         0031E9-007D77              E17
        COMRAM           000079-00007F                7
        CONST            000006-000007                2
                         0031E9-007D77             4B8F
        EEDATA           F00000-F000FF              100
        MEDIUMCONST      0031E9-007D77             4B8F
        RAM              0000F9-0005FF              100
        SFR              000F80-000FFF               80
        SMALLCONST       0031E9-007D77              100
        STACK            0000F9-0005FF              507

                                  Symbol Table

?___fladd                                                                    cstackCOMRAM 000008
?___fldiv                                                                    cstackCOMRAM 000016
?___flmul                                                                    cstackCOMRAM 000008
?___flneg                                                                    cstackCOMRAM 000008
?___flsub                                                                    cstackCOMRAM 000018
?___fltol                                                                    cstackCOMRAM 000055
?___memrchr                                                                  cstackCOMRAM 00000C
?___wmul                                                                     cstackCOMRAM 000008
?___xxtofl                                                                   cstackCOMRAM 000008
?_atoi                                                                       cstackCOMRAM 00000F
?_isdigit                                                                    cstackCOMRAM 000008
?_isspace                                                                    cstackCOMRAM 000008
?_roundf                                                                     cstackCOMRAM 00003B
?_strlen                                                                     cstackCOMRAM 000008
?_strrchr                                                                    cstackCOMRAM 000016
Rx_char_USART@i                                                              cstackCOMRAM 000006
Twister@direction                                                            cstackCOMRAM 00000E
X_axis@direction                                                             cstackCOMRAM 00000E
Y_axis@direction                                                             cstackCOMRAM 00000E
Z_axis@direction                                                             cstackCOMRAM 00000E
_Angle_diff                                                                  bssCOMRAM    00005F
_INTCON2                                                                     (abs)        000FF1
_INTCONbits                                                                  (abs)        000FF2
_LATC                                                                        (abs)        000F8B
_New_char_RX                                                                 nvCOMRAM     000076
_PIE1bits                                                                    (abs)        000F9D
_PIR1bits                                                                    (abs)        000F9E
_PORTA                                                                       (abs)        000F80
_PORTB                                                                       (abs)        000F81
_PORTC                                                                       (abs)        000F82
_PORTD                                                                       (abs)        000F83
_Pick_Angle                                                                  bssCOMRAM    000067
_Pick_Angle_D                                                                bssBANK0     0000AA
_Place_Angle                                                                 bssCOMRAM    000065
_Place_Angle_D                                                               bssBANK0     0000A4
_RCIF                                                                        (abs)        007CF5
_RCREG                                                                       (abs)        000FAE
_RCSTAbits                                                                   (abs)        000FAB
_RX_Char                                                                     bssCOMRAM    000071
_Rot_dir                                                                     bssCOMRAM    000072
_Rx_char_USART                                                               intcode      000008
_SPBRG                                                                       (abs)        000FAF
_State                                                                       dataCOMRAM   000077
_Step_Angle                                                                  bssBANK0     0000B0
_Step_X                                                                      bssBANK0     0000B6
_Step_Y                                                                      bssBANK0     0000B4
_Step_Z                                                                      bssBANK0     0000B2
_Steps                                                                       bssCOMRAM    00005D
_TRISA                                                                       (abs)        000F92
_TRISB                                                                       (abs)        000F93
_TRISBbits                                                                   (abs)        000F93
_TRISCbits                                                                   (abs)        000F94
_TRISD                                                                       (abs)        000F95
_TXREG                                                                       (abs)        000FAD
_TXSTAbits                                                                   (abs)        000FAC
_Twister                                                                     text14       002B84
_X_Pick                                                                      bssCOMRAM    00006F
_X_Pick_D                                                                    bssBANK0     0000AE
_X_Place                                                                     bssCOMRAM    00006D
_X_Place_D                                                                   bssBANK0     0000A8
_X_axis                                                                      text13       00298A
_X_diff                                                                      bssCOMRAM    000063
_X_dir                                                                       bssCOMRAM    000074
_Y_Pick                                                                      bssCOMRAM    00006B
_Y_Pick_D                                                                    bssBANK0     0000AC
_Y_Place                                                                     bssCOMRAM    000069
_Y_Place_D                                                                   bssBANK0     0000A6
_Y_axis                                                                      text12       00288A
_Y_diff                                                                      bssCOMRAM    000061
_Y_dir                                                                       bssCOMRAM    000073
_Z_axis                                                                      text11       00278A
__HRAM                                                                       (abs)        000000
__Habs1                                                                      abs1         000000
__Hbank0                                                                     bank0        000000
__Hbank1                                                                     bank1        000000
__Hbank2                                                                     bank2        000000
__Hbank3                                                                     bank3        000000
__Hbank4                                                                     bank4        000000
__Hbank5                                                                     bank5        000000
__Hbigbss                                                                    bigbss       000000
__Hbigdata                                                                   bigdata      000000
__Hbigram                                                                    bigram       000000
__Hbss                                                                       bss          000000
__HbssBANK0                                                                  bssBANK0     000000
__HbssCOMRAM                                                                 bssCOMRAM    000000
__Hcinit                                                                     cinit        000000
__Hclrtext                                                                   clrtext      000000
__Hcomram                                                                    comram       000000
__Hconfig                                                                    config       30000E
__Hconst                                                                     const        000000
__HcstackBANK0                                                               cstackBANK0  000000
__HcstackCOMRAM                                                              cstackCOMRAM 000000
__Hdata                                                                      data         000000
__HdataBANK0                                                                 dataBANK0    000000
__HdataCOMRAM                                                                dataCOMRAM   000000
__Heeprom_data                                                               eeprom_data  000000
__Hfarbss                                                                    farbss       000000
__Hfardata                                                                   fardata      000000
__Hibigdata                                                                  ibigdata     000000
__Hidata                                                                     idata        000000
__HidataBANK0                                                                idataBANK0   000000
__HidataCOMRAM                                                               idataCOMRAM  000000
__Hidloc                                                                     idloc        200008
__Hifardata                                                                  ifardata     000000
__Hinit                                                                      init         0000E0
__Hintcode                                                                   intcode      0000DC
__Hintcode_body                                                              intcode_body 000000
__Hintcodelo                                                                 intcodelo    0000DC
__Hintentry                                                                  intentry     000000
__Hintret                                                                    intret       000000
__Hintsave_regs                                                              intsave_regs 000000
__Hirdata                                                                    irdata       000000
__Hmediumconst                                                               mediumconst  008000
__HnvCOMRAM                                                                  nvCOMRAM     000000
__HnvFARRAM                                                                  nvFARRAM     000000
__Hnvbit                                                                     nvbit        000000
__Hnvrram                                                                    nvrram       000000
__Hparam                                                                     rparam       000000
__Hpowerup                                                                   powerup      0000DC
__Hram                                                                       ram          000000
__Hramtop                                                                    ramtop       000600
__Hrbit                                                                      rbit         000000
__Hrbss                                                                      rbss         000000
__Hrdata                                                                     rdata        000000
__Hreset_vec                                                                 reset_vec    000006
__Hrparam                                                                    rparam       000000
__Hsfr                                                                       sfr          000000
__Hsmallconst                                                                smallconst   000000
__Hspace_0                                                                   (abs)        008000
__Hspace_1                                                                   (abs)        0000F9
__Hspace_2                                                                   (abs)        000000
__Hspace_4                                                                   (abs)        60000E
__Hstack                                                                     stack        000000
__Hstruct                                                                    struct       000000
__Htemp                                                                      temp         000079
__Htext                                                                      text         000000
__Htext0                                                                     text0        000000
__Htext1                                                                     text1        000000
__Htext10                                                                    text10       000000
__Htext11                                                                    text11       000000
__Htext12                                                                    text12       000000
__Htext13                                                                    text13       000000
__Htext14                                                                    text14       000000
__Htext15                                                                    text15       000000
__Htext16                                                                    text16       000000
__Htext17                                                                    text17       000000
__Htext18                                                                    text18       000000
__Htext19                                                                    text19       000000
__Htext2                                                                     text2        000000
__Htext20                                                                    text20       000000
__Htext21                                                                    text21       000000
__Htext22                                                                    text22       000000
__Htext23                                                                    text23       000000
__Htext24                                                                    text24       000000
__Htext25                                                                    text25       000000
__Htext26                                                                    text26       000000
__Htext27                                                                    text27       000000
__Htext28                                                                    text28       000000
__Htext29                                                                    text29       000000
__Htext3                                                                     text3        000000
__Htext30                                                                    text30       000000
__Htext31                                                                    text31       000000
__Htext32                                                                    text32       000000
__Htext33                                                                    text33       000000
__Htext34                                                                    text34       000000
__Htext4                                                                     text4        000000
__Htext5                                                                     text5        000000
__Htext6                                                                     text6        000000
__Htext7                                                                     text7        000000
__Htext8                                                                     text8        000000
__Htext9                                                                     text9        000000
__LRAM                                                                       (abs)        000001
__Labs1                                                                      abs1         000000
__Lbank0                                                                     bank0        000000
__Lbank1                                                                     bank1        000000
__Lbank2                                                                     bank2        000000
__Lbank3                                                                     bank3        000000
__Lbank4                                                                     bank4        000000
__Lbank5                                                                     bank5        000000
__Lbigbss                                                                    bigbss       000000
__Lbigdata                                                                   bigdata      000000
__Lbigram                                                                    bigram       000000
__Lbss                                                                       bss          000000
__LbssBANK0                                                                  bssBANK0     000000
__LbssCOMRAM                                                                 bssCOMRAM    000000
__Lcinit                                                                     cinit        000000
__Lclrtext                                                                   clrtext      000000
__Lcomram                                                                    comram       000000
__Lconfig                                                                    config       000000
__Lconst                                                                     const        000000
__LcstackBANK0                                                               cstackBANK0  000000
__LcstackCOMRAM                                                              cstackCOMRAM 000000
__Ldata                                                                      data         000000
__LdataBANK0                                                                 dataBANK0    000000
__LdataCOMRAM                                                                dataCOMRAM   000000
__Leeprom_data                                                               eeprom_data  000000
__Lfarbss                                                                    farbss       000000
__Lfardata                                                                   fardata      000000
__Libigdata                                                                  ibigdata     000000
__Lidata                                                                     idata        000000
__LidataBANK0                                                                idataBANK0   000000
__LidataCOMRAM                                                               idataCOMRAM  000000
__Lidloc                                                                     idloc        000000
__Lifardata                                                                  ifardata     000000
__Linit                                                                      init         0000DC
__Lintcode                                                                   intcode      000008
__Lintcode_body                                                              intcode_body 000000
__Lintcodelo                                                                 intcodelo    0000DC
__Lintentry                                                                  intentry     000000
__Lintret                                                                    intret       000000
__Lintsave_regs                                                              intsave_regs 000000
__Lirdata                                                                    irdata       000000
__Lmediumconst                                                               mediumconst  007D78
__LnvCOMRAM                                                                  nvCOMRAM     000000
__LnvFARRAM                                                                  nvFARRAM     000000
__Lnvbit                                                                     nvbit        000000
__Lnvrram                                                                    nvrram       000000
__Lparam                                                                     rparam       000000
__Lpowerup                                                                   powerup      0000DC
__Lram                                                                       ram          000000
__Lramtop                                                                    ramtop       000600
__Lrbit                                                                      rbit         000000
__Lrbss                                                                      rbss         000000
__Lrdata                                                                     rdata        000000
__Lreset_vec                                                                 reset_vec    000000
__Lrparam                                                                    rparam       000000
__Lsfr                                                                       sfr          000000
__Lsmallconst                                                                smallconst   000000
__Lspace_0                                                                   (abs)        000000
__Lspace_1                                                                   (abs)        000000
__Lspace_2                                                                   (abs)        000000
__Lspace_4                                                                   (abs)        000000
__Lstack                                                                     stack        000000
__Lstruct                                                                    struct       000000
__Ltemp                                                                      temp         000078
__Ltext                                                                      text         000000
__Ltext0                                                                     text0        000000
__Ltext1                                                                     text1        000000
__Ltext10                                                                    text10       000000
__Ltext11                                                                    text11       000000
__Ltext12                                                                    text12       000000
__Ltext13                                                                    text13       000000
__Ltext14                                                                    text14       000000
__Ltext15                                                                    text15       000000
__Ltext16                                                                    text16       000000
__Ltext17                                                                    text17       000000
__Ltext18                                                                    text18       000000
__Ltext19                                                                    text19       000000
__Ltext2                                                                     text2        000000
__Ltext20                                                                    text20       000000
__Ltext21                                                                    text21       000000
__Ltext22                                                                    text22       000000
__Ltext23                                                                    text23       000000
__Ltext24                                                                    text24       000000
__Ltext25                                                                    text25       000000
__Ltext26                                                                    text26       000000
__Ltext27                                                                    text27       000000
__Ltext28                                                                    text28       000000
__Ltext29                                                                    text29       000000
__Ltext3                                                                     text3        000000
__Ltext30                                                                    text30       000000
__Ltext31                                                                    text31       000000
__Ltext32                                                                    text32       000000
__Ltext33                                                                    text33       000000
__Ltext34                                                                    text34       000000
__Ltext4                                                                     text4        000000
__Ltext5                                                                     text5        000000
__Ltext6                                                                     text6        000000
__Ltext7                                                                     text7        000000
__Ltext8                                                                     text8        000000
__Ltext9                                                                     text9        000000
__S0                                                                         (abs)        008000
__S1                                                                         (abs)        0000F9
__S2                                                                         (abs)        000000
__S4                                                                         (abs)        000000
__S5                                                                         (abs)        000000
___fladd                                                                     text29       000824
___fladd@a                                                                   cstackCOMRAM 00000C
___fladd@aexp                                                                cstackCOMRAM 000015
___fladd@b                                                                   cstackCOMRAM 000008
___fladd@bexp                                                                cstackCOMRAM 000016
___fladd@grs                                                                 cstackCOMRAM 000017
___fladd@signs                                                               cstackCOMRAM 000014
___fldiv                                                                     text10       001270
___fldiv@a                                                                   cstackCOMRAM 00001A
___fldiv@aexp                                                                cstackCOMRAM 00002E
___fldiv@b                                                                   cstackCOMRAM 000016
___fldiv@bexp                                                                cstackCOMRAM 00002D
___fldiv@grs                                                                 cstackCOMRAM 000029
___fldiv@new_exp                                                             cstackCOMRAM 000027
___fldiv@rem                                                                 cstackCOMRAM 000022
___fldiv@sign                                                                cstackCOMRAM 000026
___flge                                                                      text32       002558
___flge@ff1                                                                  cstackCOMRAM 00002F
___flge@ff2                                                                  cstackCOMRAM 000033
___flmul                                                                     text31       000DCC
___flmul@a                                                                   cstackCOMRAM 00000C
___flmul@aexp                                                                cstackCOMRAM 000019
___flmul@b                                                                   cstackCOMRAM 000008
___flmul@bexp                                                                cstackCOMRAM 00001A
___flmul@grs                                                                 cstackCOMRAM 000015
___flmul@prod                                                                cstackCOMRAM 00001B
___flmul@sign                                                                cstackCOMRAM 000014
___flmul@temp                                                                cstackCOMRAM 00001F
___flneg                                                                     text30       003086
___flneg@f1                                                                  cstackCOMRAM 000008
___flsub                                                                     text28       002FB8
___flsub@a                                                                   cstackCOMRAM 00001C
___flsub@b                                                                   cstackCOMRAM 000018
___fltol                                                                     text33       0022EE
___fltol@exp1                                                                cstackBANK0  0000BF
___fltol@f1                                                                  cstackCOMRAM 000055
___fltol@sign1                                                               cstackBANK0  0000BE
___inthi_sp                                                                  stack        000000
___intlo_sp                                                                  stack        000000
___memrchr                                                                   text5        002E22
___memrchr@c                                                                 cstackCOMRAM 00000E
___memrchr@m                                                                 cstackCOMRAM 00000C
___memrchr@n                                                                 cstackCOMRAM 000010
___memrchr@s                                                                 cstackCOMRAM 000014
___param_bank                                                                (abs)        000000
___rparam_used                                                               (abs)        000001
___sp                                                                        stack        000000
___wmul                                                                      text24       003142
___wmul@multiplicand                                                         cstackCOMRAM 00000A
___wmul@multiplier                                                           cstackCOMRAM 000008
___wmul@product                                                              cstackCOMRAM 00000C
___xxtofl                                                                    text9        001C88
___xxtofl@arg                                                                cstackCOMRAM 000012
___xxtofl@exp                                                                cstackCOMRAM 000011
___xxtofl@sign                                                               cstackCOMRAM 000010
___xxtofl@val                                                                cstackCOMRAM 000008
__accesstop                                                                  (abs)        000080
__activetblptr                                                               (abs)        000002
__cntErrataNOP_/tmp/xcXiCMljJ.o                                              (abs)        000001
__cntErrataNOP_dist/default/production/Pick-and-place_Microchip.production.o (abs)        0002A4
__end_of_Fosc                                                                mediumconst  007D8D
__end_of_Fosc@main$F551                                                      mediumconst  007D89
__end_of_Rx_char_USART                                                       intcode      0000DC
__end_of_Twister                                                             text14       002C64
__end_of_X_axis                                                              text13       002A8A
__end_of_Y_axis                                                              text12       00298A
__end_of_Z_axis                                                              text11       00288A
__end_of___fladd                                                             text29       000DCC
__end_of___fldiv                                                             text10       0016A2
__end_of___flge                                                              text32       002680
__end_of___flmul                                                             text31       001270
__end_of___flneg                                                             text30       0030C8
__end_of___flsub                                                             text28       003002
__end_of___fltol                                                             text33       002426
__end_of___memrchr                                                           text5        002EA4
__end_of___wmul                                                              text24       00316C
__end_of___xxtofl                                                            text9        001E80
__end_of__initialization                                                     cinit        002FAA
__end_of_add_component                                                       text17       001C88
__end_of_atoi                                                                text21       00203E
__end_of_change_sequence                                                     text16       002D9C
__end_of_desired_BaudRate                                                    mediumconst  007D85
__end_of_desired_BaudRate@main$F553                                          mediumconst  007D81
__end_of_fetch_parameters                                                    text8        0022EE
__end_of_init_PORTS                                                          text34       003196
__end_of_init_USART                                                          text26       003108
__end_of_init_interrupts                                                     text25       0031E6
__end_of_isdigit                                                             text23       003086
__end_of_isspace                                                             text22       002F04
__end_of_main                                                                text0        0031B8
__end_of_memmove                                                             text6        002B84
__end_of_ms_delay                                                            text15       002F60
__end_of_pick_and_place                                                      text7        000824
__end_of_print_string                                                        text20       002D04
__end_of_remove_component                                                    text3        00278A
__end_of_return_to_initial                                                   text2        002558
__end_of_roundf                                                              text27       001A88
__end_of_start_up_menu                                                       text1        0021B6
__end_of_strlen                                                              text19       003044
__end_of_strncat                                                             text18       002E22
__end_of_strrchr                                                             text4        003142
__end_of_toint                                                               mediumconst  007D7D
__initialization                                                             cinit        002F60
__mediumconst                                                                mediumconst  007D78
__pbssBANK0                                                                  bssBANK0     000080
__pbssCOMRAM                                                                 bssCOMRAM    00005D
__pcinit                                                                     cinit        002F60
__pcstackBANK0                                                               cstackBANK0  0000BE
__pcstackCOMRAM                                                              cstackCOMRAM 000001
__pdataBANK0                                                                 dataBANK0    0000DF
__pdataCOMRAM                                                                dataCOMRAM   000077
__pidataBANK0                                                                idataBANK0   0031B8
__pidataCOMRAM                                                               idataCOMRAM  0031E8
__pintcode                                                                   intcode      000008
__pmediumconst                                                               mediumconst  007D78
__pnvCOMRAM                                                                  nvCOMRAM     000076
__ptext0                                                                     text0        003196
__ptext1                                                                     text1        00203E
__ptext10                                                                    text10       001270
__ptext11                                                                    text11       00278A
__ptext12                                                                    text12       00288A
__ptext13                                                                    text13       00298A
__ptext14                                                                    text14       002B84
__ptext15                                                                    text15       002F04
__ptext16                                                                    text16       002D04
__ptext17                                                                    text17       001A88
__ptext18                                                                    text18       002D9C
__ptext19                                                                    text19       003002
__ptext2                                                                     text2        002426
__ptext20                                                                    text20       002C64
__ptext21                                                                    text21       001E80
__ptext22                                                                    text22       002EA4
__ptext23                                                                    text23       003044
__ptext24                                                                    text24       003142
__ptext25                                                                    text25       0031D2
__ptext26                                                                    text26       0030C8
__ptext27                                                                    text27       0016A2
__ptext28                                                                    text28       002FB8
__ptext29                                                                    text29       000824
__ptext3                                                                     text3        002680
__ptext30                                                                    text30       003086
__ptext31                                                                    text31       000DCC
__ptext32                                                                    text32       002558
__ptext33                                                                    text33       0022EE
__ptext34                                                                    text34       00316C
__ptext4                                                                     text4        003108
__ptext5                                                                     text5        002E22
__ptext6                                                                     text6        002A8A
__ptext7                                                                     text7        0000E0
__ptext8                                                                     text8        0021B6
__ptext9                                                                     text9        001C88
__ramtop                                                                     ramtop       000600
__size_of_Rx_char_USART                                                      (abs)        000000
__size_of_Twister                                                            (abs)        000000
__size_of_X_axis                                                             (abs)        000000
__size_of_Y_axis                                                             (abs)        000000
__size_of_Z_axis                                                             (abs)        000000
__size_of___fladd                                                            (abs)        000000
__size_of___fldiv                                                            (abs)        000000
__size_of___flge                                                             (abs)        000000
__size_of___flmul                                                            (abs)        000000
__size_of___flneg                                                            (abs)        000000
__size_of___flsub                                                            (abs)        000000
__size_of___fltol                                                            (abs)        000000
__size_of___memrchr                                                          (abs)        000000
__size_of___wmul                                                             (abs)        000000
__size_of___xxtofl                                                           (abs)        000000
__size_of_add_component                                                      (abs)        000000
__size_of_atoi                                                               (abs)        000000
__size_of_change_sequence                                                    (abs)        000000
__size_of_fetch_parameters                                                   (abs)        000000
__size_of_init_PORTS                                                         (abs)        000000
__size_of_init_USART                                                         (abs)        000000
__size_of_init_interrupts                                                    (abs)        000000
__size_of_isdigit                                                            (abs)        000000
__size_of_isspace                                                            (abs)        000000
__size_of_main                                                               (abs)        000000
__size_of_memmove                                                            (abs)        000000
__size_of_ms_delay                                                           (abs)        000000
__size_of_pick_and_place                                                     (abs)        000000
__size_of_print_string                                                       (abs)        000000
__size_of_remove_component                                                   (abs)        000000
__size_of_return_to_initial                                                  (abs)        000000
__size_of_roundf                                                             (abs)        000000
__size_of_start_up_menu                                                      (abs)        000000
__size_of_strlen                                                             (abs)        000000
__size_of_strncat                                                            (abs)        000000
__size_of_strrchr                                                            (abs)        000000
__smallconst                                                                 smallconst   000000
_add_component                                                               text17       001A88
_angle_diff                                                                  bssBANK0     0000A2
_atoi                                                                        text21       001E80
_atoi$1133                                                                   cstackCOMRAM 000017
_atoi$1134                                                                   cstackCOMRAM 00001B
_atoi$1135                                                                   cstackCOMRAM 000019
_change_sequence                                                             text16       002D04
_displacement_X                                                              bssBANK0     0000BC
_displacement_Y                                                              bssBANK0     0000BA
_fetch_parameters                                                            text8        0021B6
_init_PORTS                                                                  text34       00316C
_init_USART                                                                  text26       0030C8
_init_interrupts                                                             text25       0031D2
_input_str                                                                   dataBANK0    0000EB
_isdigit                                                                     text23       003044
_isspace                                                                     text22       002EA4
_isspace$1151                                                                cstackCOMRAM 00000E
_lenth_of_array                                                              dataBANK0    0000E9
_main                                                                        text0        003196
_memmove                                                                     text6        002A8A
_ms_delay                                                                    text15       002F04
_pick_and_place                                                              text7        0000E0
_pick_and_place$649                                                          cstackBANK0  0000C1
_pick_and_place$652                                                          cstackBANK0  0000C5
_pick_and_place$655                                                          cstackBANK0  0000C9
_pick_and_place$660                                                          cstackBANK0  0000D1
_pick_and_place$662                                                          cstackBANK0  0000D5
_pick_and_place$664                                                          cstackBANK0  0000D9
_print_string                                                                text20       002C64
_remove_component                                                            text3        002680
_return_to_initial                                                           text2        002426
_rotation                                                                    bssBANK0     0000B8
_roundf                                                                      text27       0016A2
_roundf$1404                                                                 cstackCOMRAM 000049
_roundf$1405                                                                 cstackCOMRAM 000043
_sequence                                                                    dataBANK0    0000F5
_start_up_menu                                                               text1        00203E
_stop                                                                        bssCOMRAM    000075
_strlen                                                                      text19       003002
_strncat                                                                     text18       002D9C
_strrchr                                                                     text4        003108
_testarray                                                                   bssBANK0     000080
add_component@F3131                                                          dataBANK0    0000E7
add_component@add_componnt                                                   cstackCOMRAM 00001E
atoi@n                                                                       cstackCOMRAM 00001C
atoi@neg                                                                     cstackCOMRAM 000015
atoi@s                                                                       cstackCOMRAM 00000F
btemp                                                                        temp         000078
change_sequence@i                                                            cstackCOMRAM 000011
end_of_initialization                                                        cinit        002FAA
fetch_parameters@Componnt                                                    cstackCOMRAM 000008
int$flags                                                                    temp         000078
intlevel0                                                                    text         0031E6
intlevel1                                                                    text         0031E6
intlevel2                                                                    text         0031E6
intlevel3                                                                    text         0031E6
isa$std                                                                      (abs)        000001
isa$xinst                                                                    (abs)        000000
isdigit@c                                                                    cstackCOMRAM 000008
isspace@c                                                                    cstackCOMRAM 000008
memmove@d                                                                    cstackCOMRAM 000014
memmove@d1                                                                   cstackCOMRAM 00000C
memmove@n                                                                    cstackCOMRAM 000010
memmove@s                                                                    cstackCOMRAM 000016
memmove@s1                                                                   cstackCOMRAM 00000E
ms_delay@i                                                                   cstackCOMRAM 00000A
ms_delay@j                                                                   cstackCOMRAM 00000C
ms_delay@val                                                                 cstackCOMRAM 000008
pick_and_place@Componnt                                                      cstackBANK0  0000BE
pick_and_place@i                                                             cstackBANK0  0000BF
pick_and_place@i_650                                                         cstackBANK0  0000C3
pick_and_place@i_653                                                         cstackBANK0  0000C7
pick_and_place@i_656                                                         cstackBANK0  0000CB
pick_and_place@i_658                                                         cstackBANK0  0000CD
pick_and_place@i_659                                                         cstackBANK0  0000CF
pick_and_place@i_661                                                         cstackBANK0  0000D3
pick_and_place@i_663                                                         cstackBANK0  0000D7
pick_and_place@i_665                                                         cstackBANK0  0000DB
pick_and_place@i_666                                                         cstackBANK0  0000DD
print_string@i                                                               cstackCOMRAM 00000C
print_string@strng                                                           cstackCOMRAM 000008
remove_component@indxToDel                                                   cstackCOMRAM 00001D
remove_component@ptr                                                         cstackCOMRAM 00001A
remove_component@rm_comp                                                     cstackCOMRAM 00001C
return_to_initial@i                                                          cstackCOMRAM 000010
return_to_initial@i_669                                                      cstackCOMRAM 000012
return_to_initial@i_670                                                      cstackCOMRAM 000014
return_to_initial@i_671                                                      cstackCOMRAM 000016
roundf@F528                                                                  bssBANK0     00009E
roundf@e                                                                     cstackCOMRAM 000047
roundf@u                                                                     cstackCOMRAM 00004D
roundf@x                                                                     cstackCOMRAM 00003B
roundf@y                                                                     cstackCOMRAM 000051
stackhi                                                                      (abs)        0005FF
stacklo                                                                      (abs)        0000F9
start                                                                        init         0000DC
start_initialization                                                         cinit        002F60
start_up_menu@i                                                              cstackCOMRAM 000040
strlen@a                                                                     cstackCOMRAM 00000A
strlen@s                                                                     cstackCOMRAM 000008
strncat@d                                                                    cstackCOMRAM 00000C
strncat@n                                                                    cstackCOMRAM 000010
strncat@s                                                                    cstackCOMRAM 00000E
strrchr@c                                                                    cstackCOMRAM 000018
strrchr@s                                                                    cstackCOMRAM 000016
ttemp5                                                                       temp         000079
ttemp6                                                                       temp         00007C
ttemp7                                                                       temp         000080
wtemp8                                                                       temp         000079


MODULE INFORMATION

Module		Function		Class		Link	Load	Size
/opt/microchip/xc8/v2.32/pic/sources/c99/common/memmove.c
		_memmove       		CODE           	2A8A	0000	250

/opt/microchip/xc8/v2.32/pic/sources/c99/common/memmove.c estimated size: 250

/opt/microchip/xc8/v2.32/pic/sources/c99/common/Umul16.c
		___wmul        		CODE           	3142	0000	42

/opt/microchip/xc8/v2.32/pic/sources/c99/common/Umul16.c estimated size: 42

/opt/microchip/xc8/v2.32/pic/sources/c99/common/isdigit.c
		_isdigit       		CODE           	3044	0000	66

/opt/microchip/xc8/v2.32/pic/sources/c99/common/isdigit.c estimated size: 66

/opt/microchip/xc8/v2.32/pic/sources/c99/common/roundf.c
		_roundf        		CODE           	16A2	0000	998

/opt/microchip/xc8/v2.32/pic/sources/c99/common/roundf.c estimated size: 998

/opt/microchip/xc8/v2.32/pic/sources/c99/common/sprcadd.c
		___flsub       		CODE           	2FB8	0000	74
		___fladd       		CODE           	0824	0000	1448

/opt/microchip/xc8/v2.32/pic/sources/c99/common/sprcadd.c estimated size: 1522

/opt/microchip/xc8/v2.32/pic/sources/c99/common/flneg.c
		___flneg       		CODE           	3086	0000	66

/opt/microchip/xc8/v2.32/pic/sources/c99/common/flneg.c estimated size: 66

/opt/microchip/xc8/v2.32/pic/sources/c99/common/xxtofl.c
		___xxtofl      		CODE           	1C88	0000	504

/opt/microchip/xc8/v2.32/pic/sources/c99/common/xxtofl.c estimated size: 504

/opt/microchip/xc8/v2.32/pic/sources/c99/common/atoi.c
		_atoi          		CODE           	1E80	0000	446

/opt/microchip/xc8/v2.32/pic/sources/c99/common/atoi.c estimated size: 446

/opt/microchip/xc8/v2.32/pic/sources/c99/common/memrchr.c
		___memrchr     		CODE           	2E22	0000	130

/opt/microchip/xc8/v2.32/pic/sources/c99/common/memrchr.c estimated size: 130

/opt/microchip/xc8/v2.32/pic/sources/c99/common/strlen.c
		_strlen        		CODE           	3002	0000	66

/opt/microchip/xc8/v2.32/pic/sources/c99/common/strlen.c estimated size: 66

shared
		_Fosc@main$F551		MEDIUMCONST    	0000	0000	0
		_desired_BaudRate@main$F553		MEDIUMCONST    	0000	0000	0
		__initialization		CODE           	2F60	0000	74
		_desired_BaudRate		MEDIUMCONST    	0000	0000	0
		_toint         		MEDIUMCONST    	0000	0000	0
		_Fosc          		MEDIUMCONST    	0000	0000	0

shared estimated size: 74

serial_rs232.c
		_print_string  		CODE           	2C64	0000	160
		_init_USART    		CODE           	30C8	0000	64

serial_rs232.c estimated size: 224

/opt/microchip/xc8/v2.32/pic/sources/c99/common/strncat.c
		_strncat       		CODE           	2D9C	0000	134

/opt/microchip/xc8/v2.32/pic/sources/c99/common/strncat.c estimated size: 134

init_PIC.c
		_init_PORTS    		CODE           	316C	0000	42
		_init_interrupts		CODE           	31D2	0000	20

init_PIC.c estimated size: 62

/opt/microchip/xc8/v2.32/pic/sources/c99/common/isspace.c
		_isspace       		CODE           	2EA4	0000	96

/opt/microchip/xc8/v2.32/pic/sources/c99/common/isspace.c estimated size: 96

/opt/microchip/xc8/v2.32/pic/sources/c99/common/sprcmul.c
		___flmul       		CODE           	0DCC	0000	1188

/opt/microchip/xc8/v2.32/pic/sources/c99/common/sprcmul.c estimated size: 1188

main.c
		_start_up_menu 		CODE           	203E	0000	376
		_Twister       		CODE           	2B84	0000	224
		_add_component 		CODE           	1A88	0000	512
		_X_axis        		CODE           	298A	0000	256
		_Y_axis        		CODE           	288A	0000	256
		_Z_axis        		CODE           	278A	0000	256
		_remove_component		CODE           	2680	0000	266
		_main          		CODE           	3196	0000	34
		_change_sequence		CODE           	2D04	0000	152
		_return_to_initial		CODE           	2426	0000	306
		_pick_and_place		CODE           	00E0	0000	1860
		_ms_delay      		CODE           	2F04	0000	92
		_fetch_parameters		CODE           	21B6	0000	312
		_Rx_char_USART 		CODE           	0008	0000	212

main.c estimated size: 5114

/opt/microchip/xc8/v2.32/pic/sources/c99/common/flge.c
		___flge        		CODE           	2558	0000	296

/opt/microchip/xc8/v2.32/pic/sources/c99/common/flge.c estimated size: 296

/opt/microchip/xc8/v2.32/pic/sources/c99/common/sprcdiv.c
		___fldiv       		CODE           	1270	0000	1074

/opt/microchip/xc8/v2.32/pic/sources/c99/common/sprcdiv.c estimated size: 1074

/opt/microchip/xc8/v2.32/pic/sources/c99/common/strrchr.c
		_strrchr       		CODE           	3108	0000	58

/opt/microchip/xc8/v2.32/pic/sources/c99/common/strrchr.c estimated size: 58

/opt/microchip/xc8/v2.32/pic/sources/c99/common/fltol.c
		___fltol       		CODE           	22EE	0000	312

/opt/microchip/xc8/v2.32/pic/sources/c99/common/fltol.c estimated size: 312

