Microchip MPLAB XC8 Compiler V2.32

Linker command line:

-W-3 --edf=/opt/microchip/xc8/v2.32/pic/dat/en_msgs.txt -cn \
  -h+dist/default/production/Pick-and-place_Microchip.production.sym \
  --cmf=dist/default/production/Pick-and-place_Microchip.production.cmf -z \
  -Q18F452 -o/tmp/xcXlJNBmI --defsym=__MPLAB_BUILD=1 \
  -Mdist/default/production/Pick-and-place_Microchip.production.map -E1 \
  -ver=XC8 Compiler --acfsm=1493 -ASTACK=011Eh-05FFh -pstack=STACK \
  -ACODE=00h-03FFFhx2 -ACONST=00h-07FFFh -ASMALLCONST=0600h-06FFhx122 \
  -AMEDIUMCONST=0600h-07FFFh -ACOMRAM=01h-07Fh -AABS1=00h-05FFh \
  -ABIGRAM=01h-05FFh -ARAM=080h-0FFh,0100h-01FFhx5 -ABANK0=080h-0FFh \
  -ABANK1=0100h-01FFh -ABANK2=0200h-02FFh -ABANK3=0300h-03FFh \
  -ABANK4=0400h-04FFh -ABANK5=0500h-05FFh -ASFR=0F80h-0FFFh \
  -ACONFIG=0300000h-030000Dh -AIDLOC=0200000h-0200007h \
  -AEEDATA=0F00000h-0F000FFh -peeprom_data=EEDATA \
  -preset_vec=00h,intcode=08h,intcodelo,powerup,init -pramtop=0600h \
  -psmallconst=SMALLCONST -pmediumconst=MEDIUMCONST -pconst=CONST \
  -AFARRAM=00h-00h \
  -prdata=COMRAM,nvrram=COMRAM,nvbit=COMRAM,rbss=COMRAM,rbit=COMRAM \
  -pfarbss=FARRAM,fardata=FARRAM,nvFARRAM=FARRAM \
  -pintsave_regs=BIGRAM,bigbss=BIGRAM,bigdata=BIGRAM -pbss=RAM \
  -pidata=CODE,irdata=CODE,ibigdata=CODE,ifardata=CODE -prparam=COMRAM \
  /tmp/xcXglGIlP.o \
  dist/default/production/Pick-and-place_Microchip.production.o 

Object code version is 3.11

Machine type is 18F452



                Name                               Link     Load   Length Selector   Space Scale
/tmp/xcXglGIlP.o
                idloc                            200000   200000        8        0       5
                config                           300000   300000        E        0       4
                text                               2EAA     2EAA        2        4       0
                init                                 94       94        4        4       0
                reset_vec                             0        0        6        0       0
dist/default/production/Pick-and-place_Microchip.production.o
                intcode                               8        8       8C        4       0
                idloc                            200000   200000        8        0       5
                config                           300000   300000        E        0       4
                temp                                 77       77        1        1       1
                mediumconst                        7E2E     7E2E      1D2     3F17       0
                text37                             2E6C     2E6C       20        4       0
                text35                             2E2A     2E2A       22        4       0
                text34                             2130     2130      138        4       0
                text33                             2268     2268      128        4       0
                text32                              BE0      BE0      4A4        4       0
                text31                             2D04     2D04       42        4       0
                text30                               98       98      5A8        4       0
                text29                             2C36     2C36       4A        4       0
                text28                             14B6     14B6      3E6        4       0
                text27                             2D86     2D86       40        4       0
                text26                             2E9C     2E9C        C        4       0
                text25                             2E00     2E00       2A        4       0
                text24                             2CC2     2CC2       42        4       0
                text23                             2B7A     2B7A       60        4       0
                text22                             1C82     1C82      1BE        4       0
                text21                             2BDA     2BDA       5C        4       0
                text20                             27D2     27D2       B4        4       0
                text19                             2632     2632       D4        4       0
                text18                             255E     255E       D4        4       0
                text17                             248A     248A       D4        4       0
                text16                             2A3C     2A3C       6E        4       0
                text15                             1084     1084      432        4       0
                text14                             189C     189C      1F8        4       0
                text13                             2D46     2D46       40        4       0
                text12                              640      640      5A0        4       0
                text11                             2E4C     2E4C       20        4       0
                text10                             2B14     2B14       66        4       0
                text9                              2C80     2C80       42        4       0
                text8                              2934     2934       86        4       0
                text7                              1A94     1A94      1EE        4       0
                text6                              1E40     1E40      194        4       0
                text5                              2390     2390       FA        4       0
                text4                              29BA     29BA       82        4       0
                text3                              2DC6     2DC6       3A        4       0
                text2                              1FD4     1FD4      15C        4       0
                text1                              2706     2706       CC        4       0
                text0                              2886     2886       AE        4       0
                cstackCOMRAM                          1        1       5A        1       1
                cstackBANK0                          80       80       4D       80       1
                bssBANK1                            100      100       1E      100       1
                dataBANK0                            E3       E3       10       80       1
                bssBANK0                             CD       CD       16       80       1
                dataCOMRAM                           75       75        2        1       1
                bssCOMRAM                            5B       5B       1A        1       1
                cinit                              2AAA     2AAA       6A        4       0
                idataBANK0                         2E8C     2E8C       10        4       0
                idataCOMRAM                        2EA8     2EA8        2        4       0

TOTAL           Name                               Link     Load   Length     Space
        CLASS   STACK          

        CLASS   CODE           
                intcode                               8        8       8C         0
                text                               2EAA     2EAA        2         0
                init                                 94       94        4         0
                reset_vec                             0        0        6         0
                text37                             2E6C     2E6C       20         0
                text35                             2E2A     2E2A       22         0
                text34                             2130     2130      138         0
                text33                             2268     2268      128         0
                text32                              BE0      BE0      4A4         0
                text31                             2D04     2D04       42         0
                text30                               98       98      5A8         0
                text29                             2C36     2C36       4A         0
                text28                             14B6     14B6      3E6         0
                text27                             2D86     2D86       40         0
                text26                             2E9C     2E9C        C         0
                text25                             2E00     2E00       2A         0
                text24                             2CC2     2CC2       42         0
                text23                             2B7A     2B7A       60         0
                text22                             1C82     1C82      1BE         0
                text21                             2BDA     2BDA       5C         0
                text20                             27D2     27D2       B4         0
                text19                             2632     2632       D4         0
                text18                             255E     255E       D4         0
                text17                             248A     248A       D4         0
                text16                             2A3C     2A3C       6E         0
                text15                             1084     1084      432         0
                text14                             189C     189C      1F8         0
                text13                             2D46     2D46       40         0
                text12                              640      640      5A0         0
                text11                             2E4C     2E4C       20         0
                text10                             2B14     2B14       66         0
                text9                              2C80     2C80       42         0
                text8                              2934     2934       86         0
                text7                              1A94     1A94      1EE         0
                text6                              1E40     1E40      194         0
                text5                              2390     2390       FA         0
                text4                              29BA     29BA       82         0
                text3                              2DC6     2DC6       3A         0
                text2                              1FD4     1FD4      15C         0
                text1                              2706     2706       CC         0
                text0                              2886     2886       AE         0
                cinit                              2AAA     2AAA       6A         0
                idataBANK0                         2E8C     2E8C       10         0
                idataCOMRAM                        2EA8     2EA8        2         0

        CLASS   CONST          

        CLASS   SMALLCONST     

        CLASS   MEDIUMCONST    
                mediumconst                        7E2E     7E2E      1D2         0

        CLASS   COMRAM         
                temp                                 77       77        1         1
                cstackCOMRAM                          1        1       5A         1
                dataCOMRAM                           75       75        2         1
                bssCOMRAM                            5B       5B       1A         1

        CLASS   ABS1           

        CLASS   BIGRAM         

        CLASS   RAM            

        CLASS   BANK0          
                cstackBANK0                          80       80       4D         1
                dataBANK0                            E3       E3       10         1
                bssBANK0                             CD       CD       16         1

        CLASS   BANK1          
                bssBANK1                            100      100       1E         1

        CLASS   BANK2          

        CLASS   BANK3          

        CLASS   BANK4          

        CLASS   BANK5          

        CLASS   SFR            

        CLASS   CONFIG         
                config                           300000   300000        E         4

        CLASS   IDLOC          
                idloc                            200000   200000        8         5

        CLASS   EEDATA         

        CLASS   FARRAM         



SEGMENTS        Name                           Load    Length   Top    Selector   Space  Class

                cstackCOMRAM                   000001  000077  000078         1       1  COMRAM  
                reset_vec                      000000  000006  000006         0       0  CODE    
                cstackBANK0                    000080  000073  0000F3        80       1  BANK0   
                bssBANK1                       000100  00001E  00011E       100       1  BANK1   
                intcode                        000008  002EA4  002EAC         4       0  CODE    
                mediumconst                    007E2E  0001D2  008000      3F17       0  MEDIUMCO


UNUSED ADDRESS RANGES

        Name                Unused          Largest block    Delta
        BANK0            0000F3-0000FF                D
        BANK1            00011E-0001FF               E2
        BANK2            000200-0002FF              100
        BANK3            000300-0003FF              100
        BANK4            000400-0004FF              100
        BANK5            000500-0005FF              100
        BIGRAM           000078-00007F                8
                         0000F3-0000FF                D
                         00011E-0005FF              4E2
        CODE             000006-000007                2
                         002EAC-007E2D             1154
        COMRAM           000078-00007F                8
        CONST            000006-000007                2
                         002EAC-007E2D             4F82
        EEDATA           F00000-F000FF              100
        MEDIUMCONST      002EAC-007E2D             4F82
        RAM              0000F3-0000FF                D
                         00011E-0005FF              100
        SFR              000F80-000FFF               80
        SMALLCONST       002EAC-007E2D              100
        STACK            00011E-0005FF              4E2

                                  Symbol Table

?___fladd                                                                    cstackCOMRAM 000009
?___fldiv                                                                    cstackCOMRAM 000017
?___flmul                                                                    cstackCOMRAM 000009
?___flneg                                                                    cstackCOMRAM 000009
?___flsub                                                                    cstackCOMRAM 000019
?___fltol                                                                    cstackCOMRAM 000056
?___memrchr                                                                  cstackCOMRAM 00000D
?___wmul                                                                     cstackCOMRAM 000009
?___xxtofl                                                                   cstackCOMRAM 000009
?_atoi                                                                       cstackCOMRAM 000010
?_direct                                                                     cstackCOMRAM 000009
?_isdigit                                                                    cstackCOMRAM 000009
?_isspace                                                                    cstackCOMRAM 000009
?_roundf                                                                     cstackCOMRAM 00003C
?_strlen                                                                     cstackCOMRAM 000009
?_strrchr                                                                    cstackCOMRAM 000017
Rx_char_USART@i                                                              cstackCOMRAM 000007
Twister@direction                                                            cstackCOMRAM 00000F
X_axis@direction                                                             cstackCOMRAM 00000F
Y_axis@direction                                                             cstackCOMRAM 00000F
Z_axis@direction                                                             cstackCOMRAM 00000F
Z_axis_and_Tweezer@i                                                         cstackCOMRAM 000010
Z_axis_and_Tweezer@i_605                                                     cstackCOMRAM 000012
_Angle_diff                                                                  bssCOMRAM    00005D
_INTCONbits                                                                  (abs)        000FF2
_LATC                                                                        (abs)        000F8B
_New_char_RX                                                                 bssCOMRAM    000074
_PIE1bits                                                                    (abs)        000F9D
_PIR1bits                                                                    (abs)        000F9E
_PORTB                                                                       (abs)        000F81
_PORTC                                                                       (abs)        000F82
_PORTD                                                                       (abs)        000F83
_Pick_Angle                                                                  bssCOMRAM    000065
_Pick_Angle_D                                                                bssBANK0     0000D9
_Place_Angle                                                                 bssCOMRAM    000063
_Place_Angle_D                                                               bssBANK0     0000D3
_RCIF                                                                        (abs)        007CF5
_RCREG                                                                       (abs)        000FAE
_RCSTAbits                                                                   (abs)        000FAB
_RX_Char                                                                     bssCOMRAM    000070
_Rot_dir                                                                     bssCOMRAM    000071
_Rx_char_USART                                                               intcode      000008
_SPBRG                                                                       (abs)        000FAF
_TRISB                                                                       (abs)        000F93
_TRISCbits                                                                   (abs)        000F94
_TRISD                                                                       (abs)        000F95
_TXREG                                                                       (abs)        000FAD
_TXSTAbits                                                                   (abs)        000FAC
_Twister                                                                     text20       0027D2
_X_Pick                                                                      bssCOMRAM    00006D
_X_Pick_D                                                                    bssCOMRAM    00005B
_X_Place                                                                     bssCOMRAM    00006B
_X_Place_D                                                                   bssBANK0     0000D7
_X_axis                                                                      text19       002632
_X_diff                                                                      bssCOMRAM    000061
_X_dir                                                                       bssCOMRAM    000073
_Y_Pick                                                                      bssCOMRAM    000069
_Y_Pick_D                                                                    bssBANK0     0000DB
_Y_Place                                                                     bssCOMRAM    000067
_Y_Place_D                                                                   bssBANK0     0000D5
_Y_axis                                                                      text18       00255E
_Y_diff                                                                      bssCOMRAM    00005F
_Y_dir                                                                       bssCOMRAM    000072
_Z_axis                                                                      text17       00248A
_Z_axis_and_Tweezer                                                          text16       002A3C
__HRAM                                                                       (abs)        000000
__Habs1                                                                      abs1         000000
__Hbank0                                                                     bank0        000000
__Hbank1                                                                     bank1        000000
__Hbank2                                                                     bank2        000000
__Hbank3                                                                     bank3        000000
__Hbank4                                                                     bank4        000000
__Hbank5                                                                     bank5        000000
__Hbigbss                                                                    bigbss       000000
__Hbigdata                                                                   bigdata      000000
__Hbigram                                                                    bigram       000000
__Hbss                                                                       bss          000000
__HbssBANK0                                                                  bssBANK0     000000
__HbssBANK1                                                                  bssBANK1     000000
__HbssCOMRAM                                                                 bssCOMRAM    000000
__Hcinit                                                                     cinit        000000
__Hclrtext                                                                   clrtext      000000
__Hcomram                                                                    comram       000000
__Hconfig                                                                    config       30000E
__Hconst                                                                     const        000000
__HcstackBANK0                                                               cstackBANK0  000000
__HcstackCOMRAM                                                              cstackCOMRAM 000000
__Hdata                                                                      data         000000
__HdataBANK0                                                                 dataBANK0    000000
__HdataCOMRAM                                                                dataCOMRAM   000000
__Heeprom_data                                                               eeprom_data  000000
__Hfarbss                                                                    farbss       000000
__Hfardata                                                                   fardata      000000
__Hibigdata                                                                  ibigdata     000000
__Hidata                                                                     idata        000000
__HidataBANK0                                                                idataBANK0   000000
__HidataCOMRAM                                                               idataCOMRAM  000000
__Hidloc                                                                     idloc        200008
__Hifardata                                                                  ifardata     000000
__Hinit                                                                      init         000098
__Hintcode                                                                   intcode      000094
__Hintcode_body                                                              intcode_body 000000
__Hintcodelo                                                                 intcodelo    000094
__Hintentry                                                                  intentry     000000
__Hintret                                                                    intret       000000
__Hintsave_regs                                                              intsave_regs 000000
__Hirdata                                                                    irdata       000000
__Hmediumconst                                                               mediumconst  008000
__HnvFARRAM                                                                  nvFARRAM     000000
__Hnvbit                                                                     nvbit        000000
__Hnvrram                                                                    nvrram       000000
__Hparam                                                                     rparam       000000
__Hpowerup                                                                   powerup      000094
__Hram                                                                       ram          000000
__Hramtop                                                                    ramtop       000600
__Hrbit                                                                      rbit         000000
__Hrbss                                                                      rbss         000000
__Hrdata                                                                     rdata        000000
__Hreset_vec                                                                 reset_vec    000006
__Hrparam                                                                    rparam       000000
__Hsfr                                                                       sfr          000000
__Hsmallconst                                                                smallconst   000000
__Hspace_0                                                                   (abs)        008000
__Hspace_1                                                                   (abs)        00011E
__Hspace_2                                                                   (abs)        000000
__Hspace_4                                                                   (abs)        60000E
__Hstack                                                                     stack        000000
__Hstruct                                                                    struct       000000
__Htemp                                                                      temp         000078
__Htext                                                                      text         000000
__Htext0                                                                     text0        000000
__Htext1                                                                     text1        000000
__Htext10                                                                    text10       000000
__Htext11                                                                    text11       000000
__Htext12                                                                    text12       000000
__Htext13                                                                    text13       000000
__Htext14                                                                    text14       000000
__Htext15                                                                    text15       000000
__Htext16                                                                    text16       000000
__Htext17                                                                    text17       000000
__Htext18                                                                    text18       000000
__Htext19                                                                    text19       000000
__Htext2                                                                     text2        000000
__Htext20                                                                    text20       000000
__Htext21                                                                    text21       000000
__Htext22                                                                    text22       000000
__Htext23                                                                    text23       000000
__Htext24                                                                    text24       000000
__Htext25                                                                    text25       000000
__Htext26                                                                    text26       000000
__Htext27                                                                    text27       000000
__Htext28                                                                    text28       000000
__Htext29                                                                    text29       000000
__Htext3                                                                     text3        000000
__Htext30                                                                    text30       000000
__Htext31                                                                    text31       000000
__Htext32                                                                    text32       000000
__Htext33                                                                    text33       000000
__Htext34                                                                    text34       000000
__Htext35                                                                    text35       000000
__Htext37                                                                    text37       000000
__Htext4                                                                     text4        000000
__Htext5                                                                     text5        000000
__Htext6                                                                     text6        000000
__Htext7                                                                     text7        000000
__Htext8                                                                     text8        000000
__Htext9                                                                     text9        000000
__LRAM                                                                       (abs)        000001
__Labs1                                                                      abs1         000000
__Lbank0                                                                     bank0        000000
__Lbank1                                                                     bank1        000000
__Lbank2                                                                     bank2        000000
__Lbank3                                                                     bank3        000000
__Lbank4                                                                     bank4        000000
__Lbank5                                                                     bank5        000000
__Lbigbss                                                                    bigbss       000000
__Lbigdata                                                                   bigdata      000000
__Lbigram                                                                    bigram       000000
__Lbss                                                                       bss          000000
__LbssBANK0                                                                  bssBANK0     000000
__LbssBANK1                                                                  bssBANK1     000000
__LbssCOMRAM                                                                 bssCOMRAM    000000
__Lcinit                                                                     cinit        000000
__Lclrtext                                                                   clrtext      000000
__Lcomram                                                                    comram       000000
__Lconfig                                                                    config       000000
__Lconst                                                                     const        000000
__LcstackBANK0                                                               cstackBANK0  000000
__LcstackCOMRAM                                                              cstackCOMRAM 000000
__Ldata                                                                      data         000000
__LdataBANK0                                                                 dataBANK0    000000
__LdataCOMRAM                                                                dataCOMRAM   000000
__Leeprom_data                                                               eeprom_data  000000
__Lfarbss                                                                    farbss       000000
__Lfardata                                                                   fardata      000000
__Libigdata                                                                  ibigdata     000000
__Lidata                                                                     idata        000000
__LidataBANK0                                                                idataBANK0   000000
__LidataCOMRAM                                                               idataCOMRAM  000000
__Lidloc                                                                     idloc        000000
__Lifardata                                                                  ifardata     000000
__Linit                                                                      init         000094
__Lintcode                                                                   intcode      000008
__Lintcode_body                                                              intcode_body 000000
__Lintcodelo                                                                 intcodelo    000094
__Lintentry                                                                  intentry     000000
__Lintret                                                                    intret       000000
__Lintsave_regs                                                              intsave_regs 000000
__Lirdata                                                                    irdata       000000
__Lmediumconst                                                               mediumconst  007E2E
__LnvFARRAM                                                                  nvFARRAM     000000
__Lnvbit                                                                     nvbit        000000
__Lnvrram                                                                    nvrram       000000
__Lparam                                                                     rparam       000000
__Lpowerup                                                                   powerup      000094
__Lram                                                                       ram          000000
__Lramtop                                                                    ramtop       000600
__Lrbit                                                                      rbit         000000
__Lrbss                                                                      rbss         000000
__Lrdata                                                                     rdata        000000
__Lreset_vec                                                                 reset_vec    000000
__Lrparam                                                                    rparam       000000
__Lsfr                                                                       sfr          000000
__Lsmallconst                                                                smallconst   000000
__Lspace_0                                                                   (abs)        000000
__Lspace_1                                                                   (abs)        000000
__Lspace_2                                                                   (abs)        000000
__Lspace_4                                                                   (abs)        000000
__Lstack                                                                     stack        000000
__Lstruct                                                                    struct       000000
__Ltemp                                                                      temp         000077
__Ltext                                                                      text         000000
__Ltext0                                                                     text0        000000
__Ltext1                                                                     text1        000000
__Ltext10                                                                    text10       000000
__Ltext11                                                                    text11       000000
__Ltext12                                                                    text12       000000
__Ltext13                                                                    text13       000000
__Ltext14                                                                    text14       000000
__Ltext15                                                                    text15       000000
__Ltext16                                                                    text16       000000
__Ltext17                                                                    text17       000000
__Ltext18                                                                    text18       000000
__Ltext19                                                                    text19       000000
__Ltext2                                                                     text2        000000
__Ltext20                                                                    text20       000000
__Ltext21                                                                    text21       000000
__Ltext22                                                                    text22       000000
__Ltext23                                                                    text23       000000
__Ltext24                                                                    text24       000000
__Ltext25                                                                    text25       000000
__Ltext26                                                                    text26       000000
__Ltext27                                                                    text27       000000
__Ltext28                                                                    text28       000000
__Ltext29                                                                    text29       000000
__Ltext3                                                                     text3        000000
__Ltext30                                                                    text30       000000
__Ltext31                                                                    text31       000000
__Ltext32                                                                    text32       000000
__Ltext33                                                                    text33       000000
__Ltext34                                                                    text34       000000
__Ltext35                                                                    text35       000000
__Ltext37                                                                    text37       000000
__Ltext4                                                                     text4        000000
__Ltext5                                                                     text5        000000
__Ltext6                                                                     text6        000000
__Ltext7                                                                     text7        000000
__Ltext8                                                                     text8        000000
__Ltext9                                                                     text9        000000
__S0                                                                         (abs)        008000
__S1                                                                         (abs)        00011E
__S2                                                                         (abs)        000000
__S4                                                                         (abs)        000000
__S5                                                                         (abs)        000000
___fladd                                                                     text30       000098
___fladd@a                                                                   cstackCOMRAM 00000D
___fladd@aexp                                                                cstackCOMRAM 000016
___fladd@b                                                                   cstackCOMRAM 000009
___fladd@bexp                                                                cstackCOMRAM 000017
___fladd@grs                                                                 cstackCOMRAM 000018
___fladd@signs                                                               cstackCOMRAM 000015
___fldiv                                                                     text15       001084
___fldiv@a                                                                   cstackCOMRAM 00001B
___fldiv@aexp                                                                cstackCOMRAM 00002F
___fldiv@b                                                                   cstackCOMRAM 000017
___fldiv@bexp                                                                cstackCOMRAM 00002E
___fldiv@grs                                                                 cstackCOMRAM 00002A
___fldiv@new_exp                                                             cstackCOMRAM 000028
___fldiv@rem                                                                 cstackCOMRAM 000023
___fldiv@sign                                                                cstackCOMRAM 000027
___flge                                                                      text33       002268
___flge@ff1                                                                  cstackCOMRAM 000030
___flge@ff2                                                                  cstackCOMRAM 000034
___flmul                                                                     text32       000BE0
___flmul@a                                                                   cstackCOMRAM 00000D
___flmul@aexp                                                                cstackCOMRAM 000016
___flmul@b                                                                   cstackCOMRAM 000009
___flmul@bexp                                                                cstackCOMRAM 00001B
___flmul@grs                                                                 cstackCOMRAM 000017
___flmul@prod                                                                cstackCOMRAM 00001C
___flmul@sign                                                                cstackCOMRAM 000015
___flmul@temp                                                                cstackCOMRAM 000020
___flneg                                                                     text31       002D04
___flneg@f1                                                                  cstackCOMRAM 000009
___flsub                                                                     text29       002C36
___flsub@a                                                                   cstackCOMRAM 00001D
___flsub@b                                                                   cstackCOMRAM 000019
___fltol                                                                     text34       002130
___fltol@exp1                                                                cstackBANK0  000085
___fltol@f1                                                                  cstackCOMRAM 000056
___fltol@sign1                                                               cstackBANK0  000084
___inthi_sp                                                                  stack        000000
___intlo_sp                                                                  stack        000000
___memrchr                                                                   text4        0029BA
___memrchr@c                                                                 cstackCOMRAM 00000F
___memrchr@m                                                                 cstackCOMRAM 00000D
___memrchr@n                                                                 cstackCOMRAM 000011
___memrchr@s                                                                 cstackCOMRAM 000015
___param_bank                                                                (abs)        000000
___rparam_used                                                               (abs)        000001
___sp                                                                        stack        000000
___wmul                                                                      text25       002E00
___wmul@multiplicand                                                         cstackCOMRAM 00000B
___wmul@multiplier                                                           cstackCOMRAM 000009
___wmul@product                                                              cstackCOMRAM 00000D
___xxtofl                                                                    text14       00189C
___xxtofl@arg                                                                cstackCOMRAM 000013
___xxtofl@exp                                                                cstackCOMRAM 000012
___xxtofl@sign                                                               cstackCOMRAM 000011
___xxtofl@val                                                                cstackCOMRAM 000009
__accesstop                                                                  (abs)        000080
__activetblptr                                                               (abs)        000002
__cntErrataNOP_/tmp/xcXglGIlP.o                                              (abs)        000001
__cntErrataNOP_dist/default/production/Pick-and-place_Microchip.production.o (abs)        000261
__end_of_Fosc                                                                mediumconst  007E85
__end_of_Fosc@main$F493                                                      mediumconst  007E81
__end_of_Rx_char_USART                                                       intcode      000094
__end_of_Twister                                                             text20       002886
__end_of_X_axis                                                              text19       002706
__end_of_Y_axis                                                              text18       002632
__end_of_Z_axis                                                              text17       00255E
__end_of_Z_axis_and_Tweezer                                                  text16       002AAA
__end_of___fladd                                                             text30       000640
__end_of___fldiv                                                             text15       0014B6
__end_of___flge                                                              text33       002390
__end_of___flmul                                                             text32       001084
__end_of___flneg                                                             text31       002D46
__end_of___flsub                                                             text29       002C80
__end_of___fltol                                                             text34       002268
__end_of___memrchr                                                           text4        002A3C
__end_of___wmul                                                              text25       002E2A
__end_of___xxtofl                                                            text14       001A94
__end_of__initialization                                                     cinit        002B06
__end_of_add_component                                                       text7        001C82
__end_of_atoi                                                                text22       001E40
__end_of_change_sequence                                                     text6        001FD4
__end_of_desired_BaudRate                                                    mediumconst  007E7D
__end_of_desired_BaudRate@main$F495                                          mediumconst  007E79
__end_of_direct                                                              text13       002D86
__end_of_init_PORTS                                                          text35       002E4C
__end_of_init_USART                                                          text27       002DC6
__end_of_init_interrupts                                                     text26       002EA8
__end_of_isdigit                                                             text24       002D04
__end_of_isspace                                                             text23       002BDA
__end_of_main                                                                text0        002934
__end_of_memmove                                                             text5        00248A
__end_of_ms_delay                                                            text21       002C36
__end_of_pick_and_place                                                      text12       000BE0
__end_of_print_string                                                        text10       002B7A
__end_of_remove_component                                                    text2        002130
__end_of_roundf                                                              text28       00189C
__end_of_serial_tx_char                                                      text11       002E6C
__end_of_start_up_menu                                                       text1        0027D2
__end_of_strlen                                                              text9        002CC2
__end_of_strncat                                                             text8        0029BA
__end_of_strrchr                                                             text3        002E00
__end_of_toint                                                               mediumconst  007E75
__end_ofchange_sequence@F3126                                                mediumconst  007E71
__end_ofi2_serial_tx_char                                                    text37       002E8C
__initialization                                                             cinit        002AAA
__mediumconst                                                                mediumconst  007E2E
__pbssBANK0                                                                  bssBANK0     0000CD
__pbssBANK1                                                                  bssBANK1     000100
__pbssCOMRAM                                                                 bssCOMRAM    00005B
__pcinit                                                                     cinit        002AAA
__pcstackBANK0                                                               cstackBANK0  000080
__pcstackCOMRAM                                                              cstackCOMRAM 000001
__pdataBANK0                                                                 dataBANK0    0000E3
__pdataCOMRAM                                                                dataCOMRAM   000075
__pidataBANK0                                                                idataBANK0   002E8C
__pidataCOMRAM                                                               idataCOMRAM  002EA8
__pintcode                                                                   intcode      000008
__pmediumconst                                                               mediumconst  007E2E
__ptext0                                                                     text0        002886
__ptext1                                                                     text1        002706
__ptext10                                                                    text10       002B14
__ptext11                                                                    text11       002E4C
__ptext12                                                                    text12       000640
__ptext13                                                                    text13       002D46
__ptext14                                                                    text14       00189C
__ptext15                                                                    text15       001084
__ptext16                                                                    text16       002A3C
__ptext17                                                                    text17       00248A
__ptext18                                                                    text18       00255E
__ptext19                                                                    text19       002632
__ptext2                                                                     text2        001FD4
__ptext20                                                                    text20       0027D2
__ptext21                                                                    text21       002BDA
__ptext22                                                                    text22       001C82
__ptext23                                                                    text23       002B7A
__ptext24                                                                    text24       002CC2
__ptext25                                                                    text25       002E00
__ptext26                                                                    text26       002E9C
__ptext27                                                                    text27       002D86
__ptext28                                                                    text28       0014B6
__ptext29                                                                    text29       002C36
__ptext3                                                                     text3        002DC6
__ptext30                                                                    text30       000098
__ptext31                                                                    text31       002D04
__ptext32                                                                    text32       000BE0
__ptext33                                                                    text33       002268
__ptext34                                                                    text34       002130
__ptext35                                                                    text35       002E2A
__ptext37                                                                    text37       002E6C
__ptext4                                                                     text4        0029BA
__ptext5                                                                     text5        002390
__ptext6                                                                     text6        001E40
__ptext7                                                                     text7        001A94
__ptext8                                                                     text8        002934
__ptext9                                                                     text9        002C80
__ramtop                                                                     ramtop       000600
__size_of_Rx_char_USART                                                      (abs)        000000
__size_of_Twister                                                            (abs)        000000
__size_of_X_axis                                                             (abs)        000000
__size_of_Y_axis                                                             (abs)        000000
__size_of_Z_axis                                                             (abs)        000000
__size_of_Z_axis_and_Tweezer                                                 (abs)        000000
__size_of___fladd                                                            (abs)        000000
__size_of___fldiv                                                            (abs)        000000
__size_of___flge                                                             (abs)        000000
__size_of___flmul                                                            (abs)        000000
__size_of___flneg                                                            (abs)        000000
__size_of___flsub                                                            (abs)        000000
__size_of___fltol                                                            (abs)        000000
__size_of___memrchr                                                          (abs)        000000
__size_of___wmul                                                             (abs)        000000
__size_of___xxtofl                                                           (abs)        000000
__size_of_add_component                                                      (abs)        000000
__size_of_atoi                                                               (abs)        000000
__size_of_change_sequence                                                    (abs)        000000
__size_of_direct                                                             (abs)        000000
__size_of_init_PORTS                                                         (abs)        000000
__size_of_init_USART                                                         (abs)        000000
__size_of_init_interrupts                                                    (abs)        000000
__size_of_isdigit                                                            (abs)        000000
__size_of_isspace                                                            (abs)        000000
__size_of_main                                                               (abs)        000000
__size_of_memmove                                                            (abs)        000000
__size_of_ms_delay                                                           (abs)        000000
__size_of_pick_and_place                                                     (abs)        000000
__size_of_print_string                                                       (abs)        000000
__size_of_remove_component                                                   (abs)        000000
__size_of_roundf                                                             (abs)        000000
__size_of_serial_tx_char                                                     (abs)        000000
__size_of_start_up_menu                                                      (abs)        000000
__size_of_strlen                                                             (abs)        000000
__size_of_strncat                                                            (abs)        000000
__size_of_strrchr                                                            (abs)        000000
__size_ofi2_serial_tx_char                                                   (abs)        000000
__smallconst                                                                 smallconst   000000
_add_component                                                               text7        001A94
_angle_diff                                                                  bssBANK0     0000D1
_atoi                                                                        text22       001C82
_atoi$1063                                                                   cstackCOMRAM 000018
_atoi$1064                                                                   cstackCOMRAM 00001C
_atoi$1065                                                                   cstackCOMRAM 00001A
_change_sequence                                                             text6        001E40
_direct                                                                      text13       002D46
_displacement_X                                                              bssBANK0     0000E1
_displacement_Y                                                              bssBANK0     0000DF
_init_PORTS                                                                  text35       002E2A
_init_USART                                                                  text27       002D86
_init_interrupts                                                             text26       002E9C
_input_str                                                                   dataCOMRAM   000075
_isdigit                                                                     text24       002CC2
_isspace                                                                     text23       002B7A
_isspace$1081                                                                cstackCOMRAM 00000F
_lenth_of_array                                                              dataBANK0    0000ED
_main                                                                        text0        002886
_memmove                                                                     text5        002390
_ms_delay                                                                    text21       002BDA
_my_flag_rx                                                                  bssCOMRAM    00006F
_pick_and_place                                                              text12       000640
_pick_and_place$584                                                          cstackCOMRAM 000040
_pick_and_place$587                                                          cstackCOMRAM 000044
_pick_and_place$591                                                          cstackCOMRAM 00004A
_pick_and_place$593                                                          cstackCOMRAM 00004E
_print_string                                                                text10       002B14
_remove_component                                                            text2        001FD4
_rotation                                                                    bssBANK0     0000DD
_roundf                                                                      text28       0014B6
_roundf$1329                                                                 cstackCOMRAM 00004A
_roundf$1330                                                                 cstackCOMRAM 000044
_sequence                                                                    dataBANK0    0000EF
_serial_tx_char                                                              text11       002E4C
_start_up_menu                                                               text1        002706
_strlen                                                                      text9        002C80
_strncat                                                                     text8        002934
_strrchr                                                                     text3        002DC6
_testarray                                                                   bssBANK1     000100
add_component@F3133                                                          dataBANK0    0000EB
add_component@add_to_sequence                                                cstackCOMRAM 000056
add_component@i                                                              cstackCOMRAM 000058
atoi@n                                                                       cstackCOMRAM 00001D
atoi@neg                                                                     cstackCOMRAM 000016
atoi@s                                                                       cstackCOMRAM 000010
btemp                                                                        temp         000077
change_sequence@F3126                                                        mediumconst  007E2F
change_sequence@Help_1                                                       cstackBANK0  000080
change_sequence@i                                                            cstackBANK0  0000C6
change_sequence@i_545                                                        cstackBANK0  0000C8
change_sequence@i_546                                                        cstackBANK0  0000C4
change_sequence@j                                                            cstackBANK0  0000C2
direct@next                                                                  cstackCOMRAM 00000B
direct@prev                                                                  cstackCOMRAM 000009
end_of_initialization                                                        cinit        002B06
i2_serial_tx_char                                                            text37       002E6C
i2serial_tx_char@val                                                         cstackCOMRAM 000001
int$flags                                                                    temp         000077
intlevel0                                                                    text         002EAA
intlevel1                                                                    text         002EAA
intlevel2                                                                    text         002EAA
intlevel3                                                                    text         002EAA
isa$std                                                                      (abs)        000001
isa$xinst                                                                    (abs)        000000
isdigit@c                                                                    cstackCOMRAM 000009
isspace@c                                                                    cstackCOMRAM 000009
main@RX_Char                                                                 cstackBANK0  0000CC
memmove@d                                                                    cstackCOMRAM 000015
memmove@d1                                                                   cstackCOMRAM 00000D
memmove@n                                                                    cstackCOMRAM 000011
memmove@s                                                                    cstackCOMRAM 000017
memmove@s1                                                                   cstackCOMRAM 00000F
ms_delay@i                                                                   cstackCOMRAM 00000B
ms_delay@j                                                                   cstackCOMRAM 00000D
ms_delay@val                                                                 cstackCOMRAM 000009
pick_and_place@Componnt                                                      cstackCOMRAM 000052
pick_and_place@i                                                             cstackCOMRAM 00003E
pick_and_place@i_585                                                         cstackCOMRAM 000042
pick_and_place@i_588                                                         cstackCOMRAM 000046
pick_and_place@i_590                                                         cstackCOMRAM 000048
pick_and_place@i_592                                                         cstackCOMRAM 00004C
pick_and_place@i_594                                                         cstackCOMRAM 000050
print_string@i                                                               cstackCOMRAM 00000E
print_string@strng                                                           cstackCOMRAM 00000A
remove_component@i                                                           cstackBANK0  000083
remove_component@indxToDel                                                   cstackBANK0  000085
remove_component@ptr                                                         cstackBANK0  000081
remove_component@rm_comp                                                     cstackBANK0  000080
roundf@F528                                                                  bssBANK0     0000CD
roundf@e                                                                     cstackCOMRAM 000048
roundf@u                                                                     cstackCOMRAM 00004E
roundf@x                                                                     cstackCOMRAM 00003C
roundf@y                                                                     cstackCOMRAM 000052
serial_tx_char@val                                                           cstackCOMRAM 000009
stackhi                                                                      (abs)        0005FF
stacklo                                                                      (abs)        00011E
start                                                                        init         000094
start_initialization                                                         cinit        002AAA
start_up_menu@ip                                                             cstackCOMRAM 00005A
strlen@a                                                                     cstackCOMRAM 00000B
strlen@s                                                                     cstackCOMRAM 000009
strncat@d                                                                    cstackCOMRAM 00000D
strncat@n                                                                    cstackCOMRAM 000011
strncat@s                                                                    cstackCOMRAM 00000F
strrchr@c                                                                    cstackCOMRAM 000019
strrchr@s                                                                    cstackCOMRAM 000017
ttemp5                                                                       temp         000078
ttemp6                                                                       temp         00007B
ttemp7                                                                       temp         00007F
wtemp8                                                                       temp         000078


MODULE INFORMATION

Module		Function		Class		Link	Load	Size
/opt/microchip/xc8/v2.32/pic/sources/c99/common/memmove.c
		_memmove       		CODE           	2390	0000	250

/opt/microchip/xc8/v2.32/pic/sources/c99/common/memmove.c estimated size: 250

/opt/microchip/xc8/v2.32/pic/sources/c99/common/Umul16.c
		___wmul        		CODE           	2E00	0000	42

/opt/microchip/xc8/v2.32/pic/sources/c99/common/Umul16.c estimated size: 42

/opt/microchip/xc8/v2.32/pic/sources/c99/common/isdigit.c
		_isdigit       		CODE           	2CC2	0000	66

/opt/microchip/xc8/v2.32/pic/sources/c99/common/isdigit.c estimated size: 66

/opt/microchip/xc8/v2.32/pic/sources/c99/common/roundf.c
		_roundf        		CODE           	14B6	0000	998

/opt/microchip/xc8/v2.32/pic/sources/c99/common/roundf.c estimated size: 998

/opt/microchip/xc8/v2.32/pic/sources/c99/common/sprcadd.c
		___flsub       		CODE           	2C36	0000	74
		___fladd       		CODE           	0098	0000	1448

/opt/microchip/xc8/v2.32/pic/sources/c99/common/sprcadd.c estimated size: 1522

/opt/microchip/xc8/v2.32/pic/sources/c99/common/flneg.c
		___flneg       		CODE           	2D04	0000	66

/opt/microchip/xc8/v2.32/pic/sources/c99/common/flneg.c estimated size: 66

/opt/microchip/xc8/v2.32/pic/sources/c99/common/xxtofl.c
		___xxtofl      		CODE           	189C	0000	504

/opt/microchip/xc8/v2.32/pic/sources/c99/common/xxtofl.c estimated size: 504

/opt/microchip/xc8/v2.32/pic/sources/c99/common/atoi.c
		_atoi          		CODE           	1C82	0000	446

/opt/microchip/xc8/v2.32/pic/sources/c99/common/atoi.c estimated size: 446

/opt/microchip/xc8/v2.32/pic/sources/c99/common/memrchr.c
		___memrchr     		CODE           	29BA	0000	130

/opt/microchip/xc8/v2.32/pic/sources/c99/common/memrchr.c estimated size: 130

/opt/microchip/xc8/v2.32/pic/sources/c99/common/strlen.c
		_strlen        		CODE           	2C80	0000	66

/opt/microchip/xc8/v2.32/pic/sources/c99/common/strlen.c estimated size: 66

shared
		_Fosc@main$F493		MEDIUMCONST    	0000	0000	0
		_desired_BaudRate@main$F495		MEDIUMCONST    	0000	0000	0
		change_sequence@F3126		MEDIUMCONST    	7E2F	0000	66
		__initialization		CODE           	2AAA	0000	92
		_desired_BaudRate		MEDIUMCONST    	0000	0000	0
		_toint         		MEDIUMCONST    	0000	0000	0
		_Fosc          		MEDIUMCONST    	0000	0000	0
		i2_serial_tx_char		CODE           	2E6C	0000	32

shared estimated size: 190

serial_rs232.c
		_init_USART    		CODE           	2D86	0000	64
		_serial_tx_char		CODE           	2E4C	0000	32

serial_rs232.c estimated size: 96

/opt/microchip/xc8/v2.32/pic/sources/c99/common/strncat.c
		_strncat       		CODE           	2934	0000	134

/opt/microchip/xc8/v2.32/pic/sources/c99/common/strncat.c estimated size: 134

init_PIC.c
		_init_PORTS    		CODE           	2E2A	0000	34
		_init_interrupts		CODE           	2E9C	0000	12

init_PIC.c estimated size: 46

/opt/microchip/xc8/v2.32/pic/sources/c99/common/isspace.c
		_isspace       		CODE           	2B7A	0000	96

/opt/microchip/xc8/v2.32/pic/sources/c99/common/isspace.c estimated size: 96

/opt/microchip/xc8/v2.32/pic/sources/c99/common/sprcmul.c
		___flmul       		CODE           	0BE0	0000	1188

/opt/microchip/xc8/v2.32/pic/sources/c99/common/sprcmul.c estimated size: 1188

main.c
		_start_up_menu 		CODE           	2706	0000	204
		_Twister       		CODE           	27D2	0000	180
		_add_component 		CODE           	1A94	0000	494
		_X_axis        		CODE           	2632	0000	212
		_Y_axis        		CODE           	255E	0000	212
		_Z_axis        		CODE           	248A	0000	212
		_Z_axis_and_Tweezer		CODE           	2A3C	0000	110
		_remove_component		CODE           	1FD4	0000	348
		_main          		CODE           	2886	0000	174
		_change_sequence		CODE           	1E40	0000	404
		_print_string  		CODE           	2B14	0000	102
		_pick_and_place		CODE           	0640	0000	1440
		_ms_delay      		CODE           	2BDA	0000	92
		_direct        		CODE           	2D46	0000	64
		_Rx_char_USART 		CODE           	0008	0000	140

main.c estimated size: 4388

/opt/microchip/xc8/v2.32/pic/sources/c99/common/flge.c
		___flge        		CODE           	2268	0000	296

/opt/microchip/xc8/v2.32/pic/sources/c99/common/flge.c estimated size: 296

/opt/microchip/xc8/v2.32/pic/sources/c99/common/sprcdiv.c
		___fldiv       		CODE           	1084	0000	1074

/opt/microchip/xc8/v2.32/pic/sources/c99/common/sprcdiv.c estimated size: 1074

/opt/microchip/xc8/v2.32/pic/sources/c99/common/strrchr.c
		_strrchr       		CODE           	2DC6	0000	58

/opt/microchip/xc8/v2.32/pic/sources/c99/common/strrchr.c estimated size: 58

/opt/microchip/xc8/v2.32/pic/sources/c99/common/fltol.c
		___fltol       		CODE           	2130	0000	312

/opt/microchip/xc8/v2.32/pic/sources/c99/common/fltol.c estimated size: 312

