Microchip MPLAB XC8 Compiler V2.32

Linker command line:

-W-3 --edf=/opt/microchip/xc8/v2.32/pic/dat/en_msgs.txt -cn \
  -h+dist/default/production/Prototype_1.X.production.sym \
  --cmf=dist/default/production/Prototype_1.X.production.cmf -z -Q18F452 \
  -o/tmp/xcXkcLpaK --defsym=__MPLAB_BUILD=1 \
  -Mdist/default/production/Prototype_1.X.production.map -E1 \
  -ver=XC8 Compiler --acfsm=1493 -ASTACK=080h-05FFh -pstack=STACK \
  -ACODE=00h-03FFFhx2 -ACONST=00h-07FFFh -ASMALLCONST=0600h-06FFhx122 \
  -AMEDIUMCONST=0600h-07FFFh -ACOMRAM=01h-07Fh -AABS1=00h-05FFh \
  -ABIGRAM=01h-05FFh -ARAM=080h-0FFh,0100h-01FFhx5 -ABANK0=080h-0FFh \
  -ABANK1=0100h-01FFh -ABANK2=0200h-02FFh -ABANK3=0300h-03FFh \
  -ABANK4=0400h-04FFh -ABANK5=0500h-05FFh -ASFR=0F80h-0FFFh \
  -ACONFIG=0300000h-030000Dh -AIDLOC=0200000h-0200007h \
  -AEEDATA=0F00000h-0F000FFh -peeprom_data=EEDATA \
  -preset_vec=00h,intcode=08h,intcodelo,powerup,init -pramtop=0600h \
  -psmallconst=SMALLCONST -pmediumconst=MEDIUMCONST -pconst=CONST \
  -AFARRAM=00h-00h \
  -prdata=COMRAM,nvrram=COMRAM,nvbit=COMRAM,rbss=COMRAM,rbit=COMRAM \
  -pfarbss=FARRAM,fardata=FARRAM,nvFARRAM=FARRAM \
  -pintsave_regs=BIGRAM,bigbss=BIGRAM,bigdata=BIGRAM -pbss=RAM \
  -pidata=CODE,irdata=CODE,ibigdata=CODE,ifardata=CODE -prparam=COMRAM \
  /tmp/xcXmiBjfD.o dist/default/production/Prototype_1.X.production.o 

Object code version is 3.11

Machine type is 18F452



                Name                               Link     Load   Length Selector   Space Scale
/tmp/xcXmiBjfD.o
                idloc                            200000   200000        8        0       5
                config                           300000   300000        E        0       4
                text                               2436     2436        2      30B       0
                init                                 3E       3E        4        4       0
                reset_vec                             0        0        6        0       0
dist/default/production/Prototype_1.X.production.o
                intcode                               8        8       36        4       0
                idloc                            200000   200000        8        0       5
                config                           300000   300000        E        0       4
                temp                                 72       72        1        1       1
                smallconst                          600      600       16      300       0
                text17                             23E8     23E8       22      30B       0
                text16                             1C7A     1C7A      136      30B       0
                text15                             1ED8     1ED8      128      30B       0
                text14                             11F8     11F8      4A4      30B       0
                text13                             2302     2302       42      30B       0
                text12                              C50      C50      5A8      30B       0
                text11                             22B8     22B8       4A      30B       0
                text10                             169C     169C      3E6      30B       0
                text9                              2344     2344       40      30B       0
                text8                              242A     242A        C      30B       0
                text7                              225C     225C       5C      30B       0
                text6                              21A8     21A8       B4      30B       0
                text5                              20D4     20D4       D4      30B       0
                text4                              2000     2000       D4      30B       0
                text3                              1A82     1A82      1F8      30B       0
                text2                               616      616      63A      30B       0
                text1                              240A     240A       20      30B       0
                text0                              1DB0     1DB0      128      30B       0
                cstackCOMRAM                          1        1       44        1       1
                dataCOMRAM                           45       45       28        1       1
                bssCOMRAM                            6D       6D        5        1       1
                cinit                              2384     2384       3C      30B       0
                idataCOMRAM                        23C0     23C0       28      30B       0

TOTAL           Name                               Link     Load   Length     Space
        CLASS   STACK          

        CLASS   CODE           
                intcode                               8        8       36         0
                text                               2436     2436        2         0
                init                                 3E       3E        4         0
                reset_vec                             0        0        6         0
                text17                             23E8     23E8       22         0
                text16                             1C7A     1C7A      136         0
                text15                             1ED8     1ED8      128         0
                text14                             11F8     11F8      4A4         0
                text13                             2302     2302       42         0
                text12                              C50      C50      5A8         0
                text11                             22B8     22B8       4A         0
                text10                             169C     169C      3E6         0
                text9                              2344     2344       40         0
                text8                              242A     242A        C         0
                text7                              225C     225C       5C         0
                text6                              21A8     21A8       B4         0
                text5                              20D4     20D4       D4         0
                text4                              2000     2000       D4         0
                text3                              1A82     1A82      1F8         0
                text2                               616      616      63A         0
                text1                              240A     240A       20         0
                text0                              1DB0     1DB0      128         0
                cinit                              2384     2384       3C         0
                idataCOMRAM                        23C0     23C0       28         0

        CLASS   CONST          

        CLASS   SMALLCONST     
                smallconst                          600      600       16         0

        CLASS   MEDIUMCONST    

        CLASS   COMRAM         
                temp                                 72       72        1         1
                cstackCOMRAM                          1        1       44         1
                dataCOMRAM                           45       45       28         1
                bssCOMRAM                            6D       6D        5         1

        CLASS   ABS1           

        CLASS   BIGRAM         

        CLASS   RAM            

        CLASS   BANK0          

        CLASS   BANK1          

        CLASS   BANK2          

        CLASS   BANK3          

        CLASS   BANK4          

        CLASS   BANK5          

        CLASS   SFR            

        CLASS   CONFIG         
                config                           300000   300000        E         4

        CLASS   IDLOC          
                idloc                            200000   200000        8         5

        CLASS   EEDATA         

        CLASS   FARRAM         



SEGMENTS        Name                           Load    Length   Top    Selector   Space  Class

                reset_vec                      000000  000006  000006         0       0  CODE    
                text2                          000616  001E22  002438       30B       0  CODE    
                cstackCOMRAM                   000001  000072  000073         1       1  COMRAM  
                intcode                        000008  00003A  000042         4       0  CODE    
                smallconst                     000600  000016  000616       300       0  SMALLCON


UNUSED ADDRESS RANGES

        Name                Unused          Largest block    Delta
        BANK0            000080-0000FF               80
        BANK1            000100-0001FF              100
        BANK2            000200-0002FF              100
        BANK3            000300-0003FF              100
        BANK4            000400-0004FF              100
        BANK5            000500-0005FF              100
        BIGRAM           000073-0005FF              58D
        CODE             000006-000007                2
                         000042-0005FF              5BE
                         002438-007FFF             1BC8
        COMRAM           000073-00007F                D
        CONST            000006-000007                2
                         000042-0005FF              5BE
                         002438-007FFF             5BC8
        EEDATA           F00000-F000FF              100
        MEDIUMCONST      002438-007FFF             5BC8
        RAM              000080-0005FF              100
        SFR              000F80-000FFF               80
        SMALLCONST       002438-007FFF              100
        STACK            000080-0005FF              580

                                  Symbol Table

?___fladd                                                         cstackCOMRAM 000001
?___flmul                                                         cstackCOMRAM 000001
?___flneg                                                         cstackCOMRAM 000001
?___flsub                                                         cstackCOMRAM 000011
?___fltol                                                         cstackCOMRAM 000035
?___xxtofl                                                        cstackCOMRAM 000001
?_roundf                                                          cstackCOMRAM 00001B
Twister@direction                                                 cstackCOMRAM 000007
X_axis@direction                                                  cstackCOMRAM 000007
Y_axis@direction                                                  cstackCOMRAM 000007
_INTCONbits                                                       (abs)        000FF2
_LATC                                                             (abs)        000F8B
_New_char_RX                                                      bssCOMRAM    000071
_PIE1bits                                                         (abs)        000F9D
_PIR1bits                                                         (abs)        000F9E
_PORTB                                                            (abs)        000F81
_PORTC                                                            (abs)        000F82
_PORTD                                                            (abs)        000F83
_RCREG                                                            (abs)        000FAE
_RCSTAbits                                                        (abs)        000FAB
_Rx_char_USART                                                    intcode      000008
_SPBRG                                                            (abs)        000FAF
_TRISB                                                            (abs)        000F93
_TRISCbits                                                        (abs)        000F94
_TRISD                                                            (abs)        000F95
_TXREG                                                            (abs)        000FAD
_TXSTAbits                                                        (abs)        000FAC
_Twister                                                          text6        0021A8
_X_axis                                                           text5        0020D4
_Y_axis                                                           text4        002000
__HRAM                                                            (abs)        000000
__Habs1                                                           abs1         000000
__Hbank0                                                          bank0        000000
__Hbank1                                                          bank1        000000
__Hbank2                                                          bank2        000000
__Hbank3                                                          bank3        000000
__Hbank4                                                          bank4        000000
__Hbank5                                                          bank5        000000
__Hbigbss                                                         bigbss       000000
__Hbigdata                                                        bigdata      000000
__Hbigram                                                         bigram       000000
__Hbss                                                            bss          000000
__HbssCOMRAM                                                      bssCOMRAM    000000
__Hcinit                                                          cinit        000000
__Hclrtext                                                        clrtext      000000
__Hcomram                                                         comram       000000
__Hconfig                                                         config       30000E
__Hconst                                                          const        000000
__HcstackCOMRAM                                                   cstackCOMRAM 000000
__Hdata                                                           data         000000
__HdataCOMRAM                                                     dataCOMRAM   000000
__Heeprom_data                                                    eeprom_data  000000
__Hfarbss                                                         farbss       000000
__Hfardata                                                        fardata      000000
__Hibigdata                                                       ibigdata     000000
__Hidata                                                          idata        000000
__HidataCOMRAM                                                    idataCOMRAM  000000
__Hidloc                                                          idloc        200008
__Hifardata                                                       ifardata     000000
__Hinit                                                           init         000042
__Hintcode                                                        intcode      00003E
__Hintcode_body                                                   intcode_body 000000
__Hintcodelo                                                      intcodelo    00003E
__Hintentry                                                       intentry     000000
__Hintret                                                         intret       000000
__Hintsave_regs                                                   intsave_regs 000000
__Hirdata                                                         irdata       000000
__Hmediumconst                                                    mediumconst  000000
__HnvFARRAM                                                       nvFARRAM     000000
__Hnvbit                                                          nvbit        000000
__Hnvrram                                                         nvrram       000000
__Hparam                                                          rparam       000000
__Hpowerup                                                        powerup      00003E
__Hram                                                            ram          000000
__Hramtop                                                         ramtop       000600
__Hrbit                                                           rbit         000000
__Hrbss                                                           rbss         000000
__Hrdata                                                          rdata        000000
__Hreset_vec                                                      reset_vec    000006
__Hrparam                                                         rparam       000000
__Hsfr                                                            sfr          000000
__Hsmallconst                                                     smallconst   000616
__Hspace_0                                                        (abs)        002438
__Hspace_1                                                        (abs)        000073
__Hspace_2                                                        (abs)        000000
__Hspace_4                                                        (abs)        60000E
__Hstack                                                          stack        000000
__Hstruct                                                         struct       000000
__Htemp                                                           temp         000073
__Htext                                                           text         000000
__Htext0                                                          text0        000000
__Htext1                                                          text1        000000
__Htext10                                                         text10       000000
__Htext11                                                         text11       000000
__Htext12                                                         text12       000000
__Htext13                                                         text13       000000
__Htext14                                                         text14       000000
__Htext15                                                         text15       000000
__Htext16                                                         text16       000000
__Htext17                                                         text17       000000
__Htext2                                                          text2        000000
__Htext3                                                          text3        000000
__Htext4                                                          text4        000000
__Htext5                                                          text5        000000
__Htext6                                                          text6        000000
__Htext7                                                          text7        000000
__Htext8                                                          text8        000000
__Htext9                                                          text9        000000
__LRAM                                                            (abs)        000001
__Labs1                                                           abs1         000000
__Lbank0                                                          bank0        000000
__Lbank1                                                          bank1        000000
__Lbank2                                                          bank2        000000
__Lbank3                                                          bank3        000000
__Lbank4                                                          bank4        000000
__Lbank5                                                          bank5        000000
__Lbigbss                                                         bigbss       000000
__Lbigdata                                                        bigdata      000000
__Lbigram                                                         bigram       000000
__Lbss                                                            bss          000000
__LbssCOMRAM                                                      bssCOMRAM    000000
__Lcinit                                                          cinit        000000
__Lclrtext                                                        clrtext      000000
__Lcomram                                                         comram       000000
__Lconfig                                                         config       000000
__Lconst                                                          const        000000
__LcstackCOMRAM                                                   cstackCOMRAM 000000
__Ldata                                                           data         000000
__LdataCOMRAM                                                     dataCOMRAM   000000
__Leeprom_data                                                    eeprom_data  000000
__Lfarbss                                                         farbss       000000
__Lfardata                                                        fardata      000000
__Libigdata                                                       ibigdata     000000
__Lidata                                                          idata        000000
__LidataCOMRAM                                                    idataCOMRAM  000000
__Lidloc                                                          idloc        000000
__Lifardata                                                       ifardata     000000
__Linit                                                           init         00003E
__Lintcode                                                        intcode      000008
__Lintcode_body                                                   intcode_body 000000
__Lintcodelo                                                      intcodelo    00003E
__Lintentry                                                       intentry     000000
__Lintret                                                         intret       000000
__Lintsave_regs                                                   intsave_regs 000000
__Lirdata                                                         irdata       000000
__Lmediumconst                                                    mediumconst  000000
__LnvFARRAM                                                       nvFARRAM     000000
__Lnvbit                                                          nvbit        000000
__Lnvrram                                                         nvrram       000000
__Lparam                                                          rparam       000000
__Lpowerup                                                        powerup      00003E
__Lram                                                            ram          000000
__Lramtop                                                         ramtop       000600
__Lrbit                                                           rbit         000000
__Lrbss                                                           rbss         000000
__Lrdata                                                          rdata        000000
__Lreset_vec                                                      reset_vec    000000
__Lrparam                                                         rparam       000000
__Lsfr                                                            sfr          000000
__Lsmallconst                                                     smallconst   000600
__Lspace_0                                                        (abs)        000000
__Lspace_1                                                        (abs)        000000
__Lspace_2                                                        (abs)        000000
__Lspace_4                                                        (abs)        000000
__Lstack                                                          stack        000000
__Lstruct                                                         struct       000000
__Ltemp                                                           temp         000072
__Ltext                                                           text         000000
__Ltext0                                                          text0        000000
__Ltext1                                                          text1        000000
__Ltext10                                                         text10       000000
__Ltext11                                                         text11       000000
__Ltext12                                                         text12       000000
__Ltext13                                                         text13       000000
__Ltext14                                                         text14       000000
__Ltext15                                                         text15       000000
__Ltext16                                                         text16       000000
__Ltext17                                                         text17       000000
__Ltext2                                                          text2        000000
__Ltext3                                                          text3        000000
__Ltext4                                                          text4        000000
__Ltext5                                                          text5        000000
__Ltext6                                                          text6        000000
__Ltext7                                                          text7        000000
__Ltext8                                                          text8        000000
__Ltext9                                                          text9        000000
__S0                                                              (abs)        002438
__S1                                                              (abs)        000073
__S2                                                              (abs)        000000
__S4                                                              (abs)        000000
__S5                                                              (abs)        000000
___fladd                                                          text12       000C50
___fladd@a                                                        cstackCOMRAM 000005
___fladd@aexp                                                     cstackCOMRAM 00000E
___fladd@b                                                        cstackCOMRAM 000001
___fladd@bexp                                                     cstackCOMRAM 00000F
___fladd@grs                                                      cstackCOMRAM 000010
___fladd@signs                                                    cstackCOMRAM 00000D
___flge                                                           text15       001ED8
___flge@ff1                                                       cstackCOMRAM 00000F
___flge@ff2                                                       cstackCOMRAM 000013
___flmul                                                          text14       0011F8
___flmul@a                                                        cstackCOMRAM 000005
___flmul@aexp                                                     cstackCOMRAM 000012
___flmul@b                                                        cstackCOMRAM 000001
___flmul@bexp                                                     cstackCOMRAM 000013
___flmul@grs                                                      cstackCOMRAM 00000E
___flmul@prod                                                     cstackCOMRAM 000014
___flmul@sign                                                     cstackCOMRAM 00000D
___flmul@temp                                                     cstackCOMRAM 000018
___flneg                                                          text13       002302
___flneg@f1                                                       cstackCOMRAM 000001
___flsub                                                          text11       0022B8
___flsub@a                                                        cstackCOMRAM 000015
___flsub@b                                                        cstackCOMRAM 000011
___fltol                                                          text16       001C7A
___fltol@exp1                                                     cstackCOMRAM 00003E
___fltol@f1                                                       cstackCOMRAM 000035
___fltol@sign1                                                    cstackCOMRAM 00003D
___inthi_sp                                                       stack        000000
___intlo_sp                                                       stack        000000
___param_bank                                                     (abs)        000000
___rparam_used                                                    (abs)        000001
___sp                                                             stack        000000
___xxtofl                                                         text3        001A82
___xxtofl@arg                                                     cstackCOMRAM 00000B
___xxtofl@exp                                                     cstackCOMRAM 00000A
___xxtofl@sign                                                    cstackCOMRAM 000009
___xxtofl@val                                                     cstackCOMRAM 000001
__accesstop                                                       (abs)        000080
__activetblptr                                                    (abs)        000001
__cntErrataNOP_/tmp/xcXmiBjfD.o                                   (abs)        000001
__cntErrataNOP_dist/default/production/Prototype_1.X.production.o (abs)        000188
__end_of_Fosc                                                     smallconst   000615
__end_of_Fosc@main$F447                                           smallconst   000611
__end_of_Rx_char_USART                                            intcode      00003E
__end_of_Twister                                                  text6        00225C
__end_of_X_axis                                                   text5        0021A8
__end_of_Y_axis                                                   text4        0020D4
__end_of___fladd                                                  text12       0011F8
__end_of___flge                                                   text15       002000
__end_of___flmul                                                  text14       00169C
__end_of___flneg                                                  text13       002344
__end_of___flsub                                                  text11       002302
__end_of___fltol                                                  text16       001DB0
__end_of___xxtofl                                                 text3        001C7A
__end_of__initialization                                          cinit        0023AE
__end_of_desired_BaudRate                                         smallconst   00060D
__end_of_desired_BaudRate@main$F449                               smallconst   000609
__end_of_init_PORTS                                               text17       00240A
__end_of_init_USART                                               text9        002384
__end_of_init_interrupts                                          text8        002436
__end_of_main                                                     text0        001ED8
__end_of_ms_delay                                                 text7        0022B8
__end_of_pickandplace_sequence                                    text2        000C50
__end_of_roundf                                                   text10       001A82
__end_of_serial_tx_char                                           text1        00242A
__end_of_toint                                                    smallconst   000605
__initialization                                                  cinit        002384
__mediumconst                                                     mediumconst  000000
__pbssCOMRAM                                                      bssCOMRAM    00006D
__pcinit                                                          cinit        002384
__pcstackCOMRAM                                                   cstackCOMRAM 000001
__pdataCOMRAM                                                     dataCOMRAM   000045
__pidataCOMRAM                                                    idataCOMRAM  0023C0
__pintcode                                                        intcode      000008
__psmallconst                                                     smallconst   000600
__ptext0                                                          text0        001DB0
__ptext1                                                          text1        00240A
__ptext10                                                         text10       00169C
__ptext11                                                         text11       0022B8
__ptext12                                                         text12       000C50
__ptext13                                                         text13       002302
__ptext14                                                         text14       0011F8
__ptext15                                                         text15       001ED8
__ptext16                                                         text16       001C7A
__ptext17                                                         text17       0023E8
__ptext2                                                          text2        000616
__ptext3                                                          text3        001A82
__ptext4                                                          text4        002000
__ptext5                                                          text5        0020D4
__ptext6                                                          text6        0021A8
__ptext7                                                          text7        00225C
__ptext8                                                          text8        00242A
__ptext9                                                          text9        002344
__ramtop                                                          ramtop       000600
__size_of_Rx_char_USART                                           (abs)        000000
__size_of_Twister                                                 (abs)        000000
__size_of_X_axis                                                  (abs)        000000
__size_of_Y_axis                                                  (abs)        000000
__size_of___fladd                                                 (abs)        000000
__size_of___flge                                                  (abs)        000000
__size_of___flmul                                                 (abs)        000000
__size_of___flneg                                                 (abs)        000000
__size_of___flsub                                                 (abs)        000000
__size_of___fltol                                                 (abs)        000000
__size_of___xxtofl                                                (abs)        000000
__size_of_init_PORTS                                              (abs)        000000
__size_of_init_USART                                              (abs)        000000
__size_of_init_interrupts                                         (abs)        000000
__size_of_main                                                    (abs)        000000
__size_of_ms_delay                                                (abs)        000000
__size_of_pickandplace_sequence                                   (abs)        000000
__size_of_roundf                                                  (abs)        000000
__size_of_serial_tx_char                                          (abs)        000000
__smallconst                                                      smallconst   000600
_init_PORTS                                                       text17       0023E8
_init_USART                                                       text9        002344
_init_interrupts                                                  text8        00242A
_lenth_of_array                                                   dataCOMRAM   00006B
_main                                                             text0        001DB0
_ms_delay                                                         text7        00225C
_pickandplace_sequence                                            text2        000616
_roundf                                                           text10       00169C
_roundf$1147                                                      cstackCOMRAM 000029
_roundf$1148                                                      cstackCOMRAM 000023
_serial_tx_char                                                   text1        00240A
_testarray                                                        dataCOMRAM   000045
btemp                                                             temp         000072
end_of_initialization                                             cinit        0023AE
int$flags                                                         temp         000072
intlevel0                                                         text         002436
intlevel1                                                         text         002436
intlevel2                                                         text         002436
intlevel3                                                         text         002436
isa$std                                                           (abs)        000001
isa$xinst                                                         (abs)        000000
main@RX_Char                                                      cstackCOMRAM 00003F
main@i                                                            cstackCOMRAM 000041
main@i_466                                                        cstackCOMRAM 000043
main@test_C                                                       cstackCOMRAM 000040
ms_delay@i                                                        cstackCOMRAM 000003
ms_delay@j                                                        cstackCOMRAM 000005
ms_delay@val                                                      cstackCOMRAM 000001
pickandplace_sequence@i                                           cstackCOMRAM 00001B
pickandplace_sequence@i_482                                       cstackCOMRAM 00001D
pickandplace_sequence@i_484                                       cstackCOMRAM 00001F
pickandplace_sequence@i_485                                       cstackCOMRAM 000021
pickandplace_sequence@i_486                                       cstackCOMRAM 000023
pickandplace_sequence@i_488                                       cstackCOMRAM 000025
pickandplace_sequence@i_490                                       cstackCOMRAM 000027
pickandplace_sequence@i_492                                       cstackCOMRAM 000029
pickandplace_sequence@i_493                                       cstackCOMRAM 00002B
pickandplace_sequence@i_494                                       cstackCOMRAM 00002D
pickandplace_sequence@i_495                                       cstackCOMRAM 00002F
pickandplace_sequence@i_496                                       cstackCOMRAM 000031
pickandplace_sequence@i_497                                       cstackCOMRAM 000033
pickandplace_sequence@i_498                                       cstackCOMRAM 000035
pickandplace_sequence@i_499                                       cstackCOMRAM 000037
pickandplace_sequence@i_500                                       cstackCOMRAM 000039
pickandplace_sequence@i_501                                       cstackCOMRAM 00003B
roundf@F528                                                       bssCOMRAM    00006D
roundf@e                                                          cstackCOMRAM 000027
roundf@u                                                          cstackCOMRAM 00002D
roundf@x                                                          cstackCOMRAM 00001B
roundf@y                                                          cstackCOMRAM 000031
serial_tx_char@val                                                cstackCOMRAM 000001
stackhi                                                           (abs)        0005FF
stacklo                                                           (abs)        000080
start                                                             init         00003E
start_initialization                                              cinit        002384
ttemp5                                                            temp         000073
ttemp6                                                            temp         000076
ttemp7                                                            temp         00007A
wtemp8                                                            temp         000073


MODULE INFORMATION

Module		Function		Class		Link	Load	Size
/opt/microchip/xc8/v2.32/pic/sources/c99/common/roundf.c
		_roundf        		CODE           	169C	0000	998

/opt/microchip/xc8/v2.32/pic/sources/c99/common/roundf.c estimated size: 998

/opt/microchip/xc8/v2.32/pic/sources/c99/common/sprcadd.c
		___flsub       		CODE           	22B8	0000	74
		___fladd       		CODE           	0C50	0000	1448

/opt/microchip/xc8/v2.32/pic/sources/c99/common/sprcadd.c estimated size: 1522

/opt/microchip/xc8/v2.32/pic/sources/c99/common/flneg.c
		___flneg       		CODE           	2302	0000	66

/opt/microchip/xc8/v2.32/pic/sources/c99/common/flneg.c estimated size: 66

/opt/microchip/xc8/v2.32/pic/sources/c99/common/xxtofl.c
		___xxtofl      		CODE           	1A82	0000	504

/opt/microchip/xc8/v2.32/pic/sources/c99/common/xxtofl.c estimated size: 504

shared
		_Fosc@main$F447		SMALLCONST     	0000	0000	0
		_desired_BaudRate@main$F449		SMALLCONST     	0000	0000	0
		__initialization		CODE           	2384	0000	42
		_desired_BaudRate		SMALLCONST     	0000	0000	0
		_toint         		SMALLCONST     	0000	0000	0
		_Fosc          		SMALLCONST     	0000	0000	0

shared estimated size: 42

serial_rs232.c
		_init_USART    		CODE           	2344	0000	64
		_serial_tx_char		CODE           	240A	0000	32

serial_rs232.c estimated size: 96

init_PIC.c
		_init_PORTS    		CODE           	23E8	0000	34
		_init_interrupts		CODE           	242A	0000	12

init_PIC.c estimated size: 46

/opt/microchip/xc8/v2.32/pic/sources/c99/common/sprcmul.c
		___flmul       		CODE           	11F8	0000	1188

/opt/microchip/xc8/v2.32/pic/sources/c99/common/sprcmul.c estimated size: 1188

main.c
		_Twister       		CODE           	21A8	0000	180
		_X_axis        		CODE           	20D4	0000	212
		_Y_axis        		CODE           	2000	0000	212
		_main          		CODE           	1DB0	0000	296
		_pickandplace_sequence		CODE           	0616	0000	1594
		_ms_delay      		CODE           	225C	0000	92
		_Rx_char_USART 		CODE           	0008	0000	54

main.c estimated size: 2640

/opt/microchip/xc8/v2.32/pic/sources/c99/common/flge.c
		___flge        		CODE           	1ED8	0000	296

/opt/microchip/xc8/v2.32/pic/sources/c99/common/flge.c estimated size: 296

/opt/microchip/xc8/v2.32/pic/sources/c99/common/fltol.c
		___fltol       		CODE           	1C7A	0000	310

/opt/microchip/xc8/v2.32/pic/sources/c99/common/fltol.c estimated size: 310

